Archive member included to satisfy reference by file (symbol)

C:/ST/STM32CubeIDE_1.16.1/STM32CubeIDE/plugins/com.st.stm32cube.ide.mcu.externaltools.gnu-tools-for-stm32.13.3.rel1.win32_1.0.0.202411081344/tools/bin/../lib/gcc/arm-none-eabi/13.3.1/../../../../arm-none-eabi/lib/thumb/v7e-m+fp/hard\libc_nano.a(libc_a-exit.o)
                              C:/ST/STM32CubeIDE_1.16.1/STM32CubeIDE/plugins/com.st.stm32cube.ide.mcu.externaltools.gnu-tools-for-stm32.13.3.rel1.win32_1.0.0.202411081344/tools/bin/../lib/gcc/arm-none-eabi/13.3.1/../../../../arm-none-eabi/lib/thumb/v7e-m+fp/hard/crt0.o (exit)
C:/ST/STM32CubeIDE_1.16.1/STM32CubeIDE/plugins/com.st.stm32cube.ide.mcu.externaltools.gnu-tools-for-stm32.13.3.rel1.win32_1.0.0.202411081344/tools/bin/../lib/gcc/arm-none-eabi/13.3.1/../../../../arm-none-eabi/lib/thumb/v7e-m+fp/hard\libc_nano.a(libc_a-nano-vfprintf_float.o)
                              (_printf_float)
C:/ST/STM32CubeIDE_1.16.1/STM32CubeIDE/plugins/com.st.stm32cube.ide.mcu.externaltools.gnu-tools-for-stm32.13.3.rel1.win32_1.0.0.202411081344/tools/bin/../lib/gcc/arm-none-eabi/13.3.1/../../../../arm-none-eabi/lib/thumb/v7e-m+fp/hard\libc_nano.a(libc_a-nano-vfprintf_i.o)
                              C:/ST/STM32CubeIDE_1.16.1/STM32CubeIDE/plugins/com.st.stm32cube.ide.mcu.externaltools.gnu-tools-for-stm32.13.3.rel1.win32_1.0.0.202411081344/tools/bin/../lib/gcc/arm-none-eabi/13.3.1/../../../../arm-none-eabi/lib/thumb/v7e-m+fp/hard\libc_nano.a(libc_a-nano-vfprintf_float.o) (_printf_common)
C:/ST/STM32CubeIDE_1.16.1/STM32CubeIDE/plugins/com.st.stm32cube.ide.mcu.externaltools.gnu-tools-for-stm32.13.3.rel1.win32_1.0.0.202411081344/tools/bin/../lib/gcc/arm-none-eabi/13.3.1/../../../../arm-none-eabi/lib/thumb/v7e-m+fp/hard\libc_nano.a(libc_a-findfp.o)
                              C:/ST/STM32CubeIDE_1.16.1/STM32CubeIDE/plugins/com.st.stm32cube.ide.mcu.externaltools.gnu-tools-for-stm32.13.3.rel1.win32_1.0.0.202411081344/tools/bin/../lib/gcc/arm-none-eabi/13.3.1/../../../../arm-none-eabi/lib/thumb/v7e-m+fp/hard\libc_nano.a(libc_a-exit.o) (__stdio_exit_handler)
C:/ST/STM32CubeIDE_1.16.1/STM32CubeIDE/plugins/com.st.stm32cube.ide.mcu.externaltools.gnu-tools-for-stm32.13.3.rel1.win32_1.0.0.202411081344/tools/bin/../lib/gcc/arm-none-eabi/13.3.1/../../../../arm-none-eabi/lib/thumb/v7e-m+fp/hard\libc_nano.a(libc_a-fwalk.o)
                              C:/ST/STM32CubeIDE_1.16.1/STM32CubeIDE/plugins/com.st.stm32cube.ide.mcu.externaltools.gnu-tools-for-stm32.13.3.rel1.win32_1.0.0.202411081344/tools/bin/../lib/gcc/arm-none-eabi/13.3.1/../../../../arm-none-eabi/lib/thumb/v7e-m+fp/hard\libc_nano.a(libc_a-findfp.o) (_fwalk_sglue)
C:/ST/STM32CubeIDE_1.16.1/STM32CubeIDE/plugins/com.st.stm32cube.ide.mcu.externaltools.gnu-tools-for-stm32.13.3.rel1.win32_1.0.0.202411081344/tools/bin/../lib/gcc/arm-none-eabi/13.3.1/../../../../arm-none-eabi/lib/thumb/v7e-m+fp/hard\libc_nano.a(libc_a-printf.o)
                              ./Core/Src/display.o (printf)
C:/ST/STM32CubeIDE_1.16.1/STM32CubeIDE/plugins/com.st.stm32cube.ide.mcu.externaltools.gnu-tools-for-stm32.13.3.rel1.win32_1.0.0.202411081344/tools/bin/../lib/gcc/arm-none-eabi/13.3.1/../../../../arm-none-eabi/lib/thumb/v7e-m+fp/hard\libc_nano.a(libc_a-puts.o)
                              ./Core/Src/main.o (puts)
C:/ST/STM32CubeIDE_1.16.1/STM32CubeIDE/plugins/com.st.stm32cube.ide.mcu.externaltools.gnu-tools-for-stm32.13.3.rel1.win32_1.0.0.202411081344/tools/bin/../lib/gcc/arm-none-eabi/13.3.1/../../../../arm-none-eabi/lib/thumb/v7e-m+fp/hard\libc_nano.a(libc_a-sprintf.o)
                              ./Core/Src/display.o (sprintf)
C:/ST/STM32CubeIDE_1.16.1/STM32CubeIDE/plugins/com.st.stm32cube.ide.mcu.externaltools.gnu-tools-for-stm32.13.3.rel1.win32_1.0.0.202411081344/tools/bin/../lib/gcc/arm-none-eabi/13.3.1/../../../../arm-none-eabi/lib/thumb/v7e-m+fp/hard\libc_nano.a(libc_a-stdio.o)
                              C:/ST/STM32CubeIDE_1.16.1/STM32CubeIDE/plugins/com.st.stm32cube.ide.mcu.externaltools.gnu-tools-for-stm32.13.3.rel1.win32_1.0.0.202411081344/tools/bin/../lib/gcc/arm-none-eabi/13.3.1/../../../../arm-none-eabi/lib/thumb/v7e-m+fp/hard\libc_nano.a(libc_a-findfp.o) (__sread)
C:/ST/STM32CubeIDE_1.16.1/STM32CubeIDE/plugins/com.st.stm32cube.ide.mcu.externaltools.gnu-tools-for-stm32.13.3.rel1.win32_1.0.0.202411081344/tools/bin/../lib/gcc/arm-none-eabi/13.3.1/../../../../arm-none-eabi/lib/thumb/v7e-m+fp/hard\libc_nano.a(libc_a-wbuf.o)
                              C:/ST/STM32CubeIDE_1.16.1/STM32CubeIDE/plugins/com.st.stm32cube.ide.mcu.externaltools.gnu-tools-for-stm32.13.3.rel1.win32_1.0.0.202411081344/tools/bin/../lib/gcc/arm-none-eabi/13.3.1/../../../../arm-none-eabi/lib/thumb/v7e-m+fp/hard\libc_nano.a(libc_a-puts.o) (__swbuf_r)
[...]
Memory Configuration

Name             Origin             Length             Attributes
RAM              0x20000000         0x00030000         xrw
RAM2             0x10000000         0x00010000         xrw
RAM3             0x20040000         0x00060000         xrw
FLASH            0x08000000         0x00200000         xr
*default*        0x00000000         0xffffffff

Linker script and memory map

LOAD C:/ST/STM32CubeIDE_1.16.1/STM32CubeIDE/plugins/com.st.stm32cube.ide.mcu.externaltools.gnu-tools-for-stm32.13.3.rel1.win32_1.0.0.202411081344/tools/bin/../lib/gcc/arm-none-eabi/13.3.1/thumb/v7e-m+fp/hard/crti.o
LOAD C:/ST/STM32CubeIDE_1.16.1/STM32CubeIDE/plugins/com.st.stm32cube.ide.mcu.externaltools.gnu-tools-for-stm32.13.3.rel1.win32_1.0.0.202411081344/tools/bin/../lib/gcc/arm-none-eabi/13.3.1/thumb/v7e-m+fp/hard/crtbegin.o
LOAD C:/ST/STM32CubeIDE_1.16.1/STM32CubeIDE/plugins/com.st.stm32cube.ide.mcu.externaltools.gnu-tools-for-stm32.13.3.rel1.win32_1.0.0.202411081344/tools/bin/../lib/gcc/arm-none-eabi/13.3.1/../../../../arm-none-eabi/lib/thumb/v7e-m+fp/hard/crt0.o
LOAD ./Core/Src/bodytemp.o
LOAD ./Core/Src/communicate.o
LOAD ./Core/Src/display.o
LOAD ./Core/Src/distance.o
LOAD ./Core/Src/main.o
LOAD ./Core/Src/motors.o
LOAD ./Core/Src/rfid.o
LOAD ./Core/Src/stm32l4xx_hal_msp.o
LOAD ./Core/Src/stm32l4xx_it.o
LOAD ./Core/Src/syscalls.o
LOAD ./Core/Src/sysmem.o
LOAD ./Core/Src/system_stm32l4xx.o
LOAD ./Core/Src/temp_humid.o
LOAD ./Core/Startup/startup_stm32l4r5zitxp.o
LOAD ./Drivers/STM32L4xx_HAL_Driver/Src/stm32l4xx_hal.o
LOAD ./Drivers/STM32L4xx_HAL_Driver/Src/stm32l4xx_hal_cortex.o
LOAD ./Drivers/STM32L4xx_HAL_Driver/Src/stm32l4xx_hal_dma.o
LOAD ./Drivers/STM32L4xx_HAL_Driver/Src/stm32l4xx_hal_dma_ex.o
LOAD ./Drivers/STM32L4xx_HAL_Driver/Src/stm32l4xx_hal_exti.o
LOAD ./Drivers/STM32L4xx_HAL_Driver/Src/stm32l4xx_hal_flash.o
LOAD ./Drivers/STM32L4xx_HAL_Driver/Src/stm32l4xx_hal_flash_ex.o
LOAD ./Drivers/STM32L4xx_HAL_Driver/Src/stm32l4xx_hal_flash_ramfunc.o
LOAD ./Drivers/STM32L4xx_HAL_Driver/Src/stm32l4xx_hal_gpio.o
LOAD ./Drivers/STM32L4xx_HAL_Driver/Src/stm32l4xx_hal_i2c.o
LOAD ./Drivers/STM32L4xx_HAL_Driver/Src/stm32l4xx_hal_i2c_ex.o
LOAD ./Drivers/STM32L4xx_HAL_Driver/Src/stm32l4xx_hal_pwr.o
LOAD ./Drivers/STM32L4xx_HAL_Driver/Src/stm32l4xx_hal_pwr_ex.o
LOAD ./Drivers/STM32L4xx_HAL_Driver/Src/stm32l4xx_hal_rcc.o
LOAD ./Drivers/STM32L4xx_HAL_Driver/Src/stm32l4xx_hal_rcc_ex.o
LOAD ./Drivers/STM32L4xx_HAL_Driver/Src/stm32l4xx_hal_spi.o
LOAD ./Drivers/STM32L4xx_HAL_Driver/Src/stm32l4xx_hal_spi_ex.o
LOAD ./Drivers/STM32L4xx_HAL_Driver/Src/stm32l4xx_hal_uart.o
LOAD ./Drivers/STM32L4xx_HAL_Driver/Src/stm32l4xx_hal_uart_ex.o
LOAD ./Drivers/VL53L0X/core/src/vl53l0x_api.o
LOAD ./Drivers/VL53L0X/core/src/vl53l0x_api_calibration.o
LOAD ./Drivers/VL53L0X/core/src/vl53l0x_api_core.o
LOAD ./Drivers/VL53L0X/core/src/vl53l0x_api_ranging.o
LOAD ./Drivers/VL53L0X/core/src/vl53l0x_api_strings.o
LOAD ./Drivers/VL53L0X/platform/src/vl53l0x_platform.o
LOAD ./Drivers/VL53L0X/platform/src/vl53l0x_platform_log.o
START GROUP
LOAD C:/ST/STM32CubeIDE_1.16.1/STM32CubeIDE/plugins/com.st.stm32cube.ide.mcu.externaltools.gnu-tools-for-stm32.13.3.rel1.win32_1.0.0.202411081344/tools/bin/../lib/gcc/arm-none-eabi/13.3.1/../../../../arm-none-eabi/lib/thumb/v7e-m+fp/hard\libc_nano.a
LOAD C:/ST/STM32CubeIDE_1.16.1/STM32CubeIDE/plugins/com.st.stm32cube.ide.mcu.externaltools.gnu-tools-for-stm32.13.3.rel1.win32_1.0.0.202411081344/tools/bin/../lib/gcc/arm-none-eabi/13.3.1/../../../../arm-none-eabi/lib/thumb/v7e-m+fp/hard\libm.a
END GROUP
START GROUP
LOAD C:/ST/STM32CubeIDE_1.16.1/STM32CubeIDE/plugins/com.st.stm32cube.ide.mcu.externaltools.gnu-tools-for-stm32.13.3.rel1.win32_1.0.0.202411081344/tools/bin/../lib/gcc/arm-none-eabi/13.3.1/thumb/v7e-m+fp/hard\libgcc.a
LOAD C:/ST/STM32CubeIDE_1.16.1/STM32CubeIDE/plugins/com.st.stm32cube.ide.mcu.externaltools.gnu-tools-for-stm32.13.3.rel1.win32_1.0.0.202411081344/tools/bin/../lib/gcc/arm-none-eabi/13.3.1/../../../../arm-none-eabi/lib/thumb/v7e-m+fp/hard\libc_nano.a
END GROUP
START GROUP
LOAD C:/ST/STM32CubeIDE_1.16.1/STM32CubeIDE/plugins/com.st.stm32cube.ide.mcu.externaltools.gnu-tools-for-stm32.13.3.rel1.win32_1.0.0.202411081344/tools/bin/../lib/gcc/arm-none-eabi/13.3.1/thumb/v7e-m+fp/hard\libgcc.a
LOAD C:/ST/STM32CubeIDE_1.16.1/STM32CubeIDE/plugins/com.st.stm32cube.ide.mcu.externaltools.gnu-tools-for-stm32.13.3.rel1.win32_1.0.0.202411081344/tools/bin/../lib/gcc/arm-none-eabi/13.3.1/../../../../arm-none-eabi/lib/thumb/v7e-m+fp/hard\libc_nano.a
LOAD C:/ST/STM32CubeIDE_1.16.1/STM32CubeIDE/plugins/com.st.stm32cube.ide.mcu.externaltools.gnu-tools-for-stm32.13.3.rel1.win32_1.0.0.202411081344/tools/bin/../lib/gcc/arm-none-eabi/13.3.1/../../../../arm-none-eabi/lib/thumb/v7e-m+fp/hard\libnosys.a
END GROUP
START GROUP
LOAD C:/ST/STM32CubeIDE_1.16.1/STM32CubeIDE/plugins/com.st.stm32cube.ide.mcu.externaltools.gnu-tools-for-stm32.13.3.rel1.win32_1.0.0.202411081344/tools/bin/../lib/gcc/arm-none-eabi/13.3.1/thumb/v7e-m+fp/hard\libgcc.a
LOAD C:/ST/STM32CubeIDE_1.16.1/STM32CubeIDE/plugins/com.st.stm32cube.ide.mcu.externaltools.gnu-tools-for-stm32.13.3.rel1.win32_1.0.0.202411081344/tools/bin/../lib/gcc/arm-none-eabi/13.3.1/../../../../arm-none-eabi/lib/thumb/v7e-m+fp/hard\libc_nano.a
LOAD C:/ST/STM32CubeIDE_1.16.1/STM32CubeIDE/plugins/com.st.stm32cube.ide.mcu.externaltools.gnu-tools-for-stm32.13.3.rel1.win32_1.0.0.202411081344/tools/bin/../lib/gcc/arm-none-eabi/13.3.1/../../../../arm-none-eabi/lib/thumb/v7e-m+fp/hard\libnosys.a
END GROUP
LOAD C:/ST/STM32CubeIDE_1.16.1/STM32CubeIDE/plugins/com.st.stm32cube.ide.mcu.externaltools.gnu-tools-for-stm32.13.3.rel1.win32_1.0.0.202411081344/tools/bin/../lib/gcc/arm-none-eabi/13.3.1/thumb/v7e-m+fp/hard/crtend.o
LOAD C:/ST/STM32CubeIDE_1.16.1/STM32CubeIDE/plugins/com.st.stm32cube.ide.mcu.externaltools.gnu-tools-for-stm32.13.3.rel1.win32_1.0.0.202411081344/tools/bin/../lib/gcc/arm-none-eabi/13.3.1/thumb/v7e-m+fp/hard/crtn.o
                0x200a0000                        _estack = (ORIGIN (RAM3) + LENGTH (RAM3))
                0x00000200                        _Min_Heap_Size = 0x200
                0x00000400                        _Min_Stack_Size = 0x400

.isr_vector     0x08000000      0x1bc
                0x08000000                        . = ALIGN (0x4)
 *(.isr_vector)
 .isr_vector    0x08000000      0x1bc ./Core/Startup/startup_stm32l4r5zitxp.o
                0x08000000                g_pfnVectors
                0x080001bc                        . = ALIGN (0x4)

.text           0x080001c0     0xf710
                0x080001c0                        . = ALIGN (0x4)
 *(.text)
 .text          0x080001c0       0x40 C:/ST/STM32CubeIDE_1.16.1/STM32CubeIDE/plugins/com.st.stm32cube.ide.mcu.externaltools.gnu-tools-for-stm32.13.3.rel1.win32_1.0.0.202411081344/tools/bin/../lib/gcc/arm-none-eabi/13.3.1/thumb/v7e-m+fp/hard/crtbegin.o
 .text          0x08000200       0xa0 C:/ST/STM32CubeIDE_1.16.1/STM32CubeIDE/plugins/com.st.stm32cube.ide.mcu.externaltools.gnu-tools-for-stm32.13.3.rel1.win32_1.0.0.202411081344/tools/bin/../lib/gcc/arm-none-eabi/13.3.1/../../../../arm-none-eabi/lib/thumb/v7e-m+fp/hard\libc_nano.a(libc_a-memchr.o)
                0x08000200                memchr
 .text          0x080002a0       0x10 C:/ST/STM32CubeIDE_1.16.1/STM32CubeIDE/plugins/com.st.stm32cube.ide.mcu.externaltools.gnu-tools-for-stm32.13.3.rel1.win32_1.0.0.202411081344/tools/bin/../lib/gcc/arm-none-eabi/13.3.1/../../../../arm-none-eabi/lib/thumb/v7e-m+fp/hard\libc_nano.a(libc_a-strlen.o)
                0x080002a0                strlen
 .text          0x080002b0      0x378 C:/ST/STM32CubeIDE_1.16.1/STM32CubeIDE/plugins/com.st.stm32cube.ide.mcu.externaltools.gnu-tools-for-stm32.13.3.rel1.win32_1.0.0.202411081344/tools/bin/../lib/gcc/arm-none-eabi/13.3.1/thumb/v7e-m+fp/hard\libgcc.a(_arm_addsubdf3.o)
                0x080002b0                __aeabi_drsub
                0x080002b8                __aeabi_dsub
                0x080002b8                __subdf3
                0x080002bc                __aeabi_dadd
                0x080002bc                __adddf3
                0x08000534                __floatunsidf
                0x08000534                __aeabi_ui2d
                0x08000554                __floatsidf
                0x08000554                __aeabi_i2d
                0x08000578                __aeabi_f2d
                0x08000578                __extendsfdf2
                0x080005bc                __floatundidf
                0x080005bc                __aeabi_ul2d
                0x080005cc                __floatdidf
                0x080005cc                __aeabi_l2d
 .text          0x08000628      0x424 C:/ST/STM32CubeIDE_1.16.1/STM32CubeIDE/plugins/com.st.stm32cube.ide.mcu.externaltools.gnu-tools-for-stm32.13.3.rel1.win32_1.0.0.202411081344/tools/bin/../lib/gcc/arm-none-eabi/13.3.1/thumb/v7e-m+fp/hard\libgcc.a(_arm_muldivdf3.o)
                0x08000628                __aeabi_dmul
                0x08000628                __muldf3
                0x0800087c                __divdf3
                0x0800087c                __aeabi_ddiv
 .text          0x08000a4c      0x110 C:/ST/STM32CubeIDE_1.16.1/STM32CubeIDE/plugins/com.st.stm32cube.ide.mcu.externaltools.gnu-tools-for-stm32.13.3.rel1.win32_1.0.0.202411081344/tools/bin/../lib/gcc/arm-none-eabi/13.3.1/thumb/v7e-m+fp/hard\libgcc.a(_arm_cmpdf2.o)
                0x08000a4c                __gtdf2
                0x08000a4c                __gedf2
                0x08000a54                __ltdf2
                0x08000a54                __ledf2
                0x08000a5c                __nedf2
                0x08000a5c                __eqdf2
                0x08000a5c                __cmpdf2
                0x08000ad8                __aeabi_cdrcmple
                0x08000ae8                __aeabi_cdcmpeq
                0x08000ae8                __aeabi_cdcmple
                0x08000af8                __aeabi_dcmpeq
                0x08000b0c                __aeabi_dcmplt
                0x08000b20                __aeabi_dcmple
                0x08000b34                __aeabi_dcmpge
                0x08000b48                __aeabi_dcmpgt
 .text          0x08000b5c       0x2c C:/ST/STM32CubeIDE_1.16.1/STM32CubeIDE/plugins/com.st.stm32cube.ide.mcu.externaltools.gnu-tools-for-stm32.13.3.rel1.win32_1.0.0.202411081344/tools/bin/../lib/gcc/arm-none-eabi/13.3.1/thumb/v7e-m+fp/hard\libgcc.a(_arm_unorddf2.o)
                0x08000b5c                __unorddf2
                0x08000b5c                __aeabi_dcmpun
 .text          0x08000b88       0x50 C:/ST/STM32CubeIDE_1.16.1/STM32CubeIDE/plugins/com.st.stm32cube.ide.mcu.externaltools.gnu-tools-for-stm32.13.3.rel1.win32_1.0.0.202411081344/tools/bin/../lib/gcc/arm-none-eabi/13.3.1/thumb/v7e-m+fp/hard\libgcc.a(_arm_fixdfsi.o)
                0x08000b88                __aeabi_d2iz
                0x08000b88                __fixdfsi
 .text          0x08000bd8       0xa0 C:/ST/STM32CubeIDE_1.16.1/STM32CubeIDE/plugins/com.st.stm32cube.ide.mcu.externaltools.gnu-tools-for-stm32.13.3.rel1.win32_1.0.0.202411081344/tools/bin/../lib/gcc/arm-none-eabi/13.3.1/thumb/v7e-m+fp/hard\libgcc.a(_arm_truncdfsf2.o)
                0x08000bd8                __truncdfsf2
                0x08000bd8                __aeabi_d2f
 .text          0x08000c78       0x30 C:/ST/STM32CubeIDE_1.16.1/STM32CubeIDE/plugins/com.st.stm32cube.ide.mcu.externaltools.gnu-tools-for-stm32.13.3.rel1.win32_1.0.0.202411081344/tools/bin/../lib/gcc/arm-none-eabi/13.3.1/thumb/v7e-m+fp/hard\libgcc.a(_aeabi_uldivmod.o)
                0x08000c78                __aeabi_uldivmod
 .text          0x08000ca8      0x2f8 C:/ST/STM32CubeIDE_1.16.1/STM32CubeIDE/plugins/com.st.stm32cube.ide.mcu.externaltools.gnu-tools-for-stm32.13.3.rel1.win32_1.0.0.202411081344/tools/bin/../lib/gcc/arm-none-eabi/13.3.1/thumb/v7e-m+fp/hard\libgcc.a(_udivmoddi4.o)
                0x08000ca8                __udivmoddi4
 .text          0x08000fa0        0x4 C:/ST/STM32CubeIDE_1.16.1/STM32CubeIDE/plugins/com.st.stm32cube.ide.mcu.externaltools.gnu-tools-for-stm32.13.3.rel1.win32_1.0.0.202411081344/tools/bin/../lib/gcc/arm-none-eabi/13.3.1/thumb/v7e-m+fp/hard\libgcc.a(_dvmd_tls.o)
                0x08000fa0                __aeabi_idiv0
                0x08000fa0                __aeabi_ldiv0
 *(.text*)
 *fill*         0x08000fa4        0x4 
 .text.getBodyTemp
                0x08000fa8      0x110 ./Core/Src/bodytemp.o
                0x08000fa8                getBodyTemp
 .text.temp_ready
                0x080010b8       0x28 ./Core/Src/bodytemp.o
                0x080010b8                temp_ready
 .text.sendToApp
                0x080010e0       0x30 ./Core/Src/communicate.o
                0x080010e0                sendToApp
 .text.SendCommand
                0x08001110       0x5c ./Core/Src/display.o
                0x08001110                SendCommand
 .text.SendParameter
                0x0800116c       0x48 ./Core/Src/display.o
                0x0800116c                SendParameter
 .text.DisplayBegin
                0x080011b4      0x232 ./Core/Src/display.o
                0x080011b4                DisplayBegin
 .text.SetAddressWindow
                0x080013e6       0x92 ./Core/Src/display.o
                0x080013e6                SetAddressWindow
 .text.WriteColor
                0x08001478       0x2a ./Core/Src/display.o
                0x08001478                WriteColor
 .text.DrawPixel
                0x080014a2       0x3c ./Core/Src/display.o
                0x080014a2                DrawPixel
 *fill*         0x080014de        0x2 
 .text.DrawHLine
                0x080014e0      0x104 ./Core/Src/display.o
                0x080014e0                DrawHLine
 .text.DrawVLine
                0x080015e4      0x104 ./Core/Src/display.o
                0x080015e4                DrawVLine
 .text.FillScreen
                0x080016e8       0x38 ./Core/Src/display.o
                0x080016e8                FillScreen
 .text.FillRect
                0x08001720       0x84 ./Core/Src/display.o
                0x08001720                FillRect
 .text.DrawChar
                0x080017a4      0x1dc ./Core/Src/display.o
                0x080017a4                DrawChar
 .text.DrawText
                0x08001980       0x66 ./Core/Src/display.o
                0x08001980                DrawText
 *fill*         0x080019e6        0x2 
 .text.HeartTempText
                0x080019e8       0xe8 ./Core/Src/display.o
                0x080019e8                HeartTempText
 .text.SensorInit
                0x08001ad0       0x60 ./Core/Src/distance.o
                0x08001ad0                SensorInit
 .text.main     0x08001b30      0x3fc ./Core/Src/main.o
                0x08001b30                main
 .text.SystemClock_Config
                0x08001f2c       0x8c ./Core/Src/main.o
                0x08001f2c                SystemClock_Config
 .text.MX_I2C1_Init
                0x08001fb8       0x80 ./Core/Src/main.o
 .text.MX_LPUART1_UART_Init
                0x08002038       0x98 ./Core/Src/main.o
 .text.MX_USART1_UART_Init
                0x080020d0       0x98 ./Core/Src/main.o
 .text.MX_SPI1_Init
                0x08002168       0x7c ./Core/Src/main.o
 .text.MX_SPI3_Init
                0x080021e4       0x7c ./Core/Src/main.o
 .text.MX_GPIO_Init
                0x08002260      0x4a4 ./Core/Src/main.o
 .text.__io_putchar
                0x08002704       0x24 ./Core/Src/main.o
                0x08002704                __io_putchar
 .text.Error_Handler
                0x08002728        0xc ./Core/Src/main.o
                0x08002728                Error_Handler
 .text.HAL_GPIO_EXTI_Callback
                0x08002734       0xa0 ./Core/Src/motors.o
                0x08002734                HAL_GPIO_EXTI_Callback
 .text.runMotor
                0x080027d4      0x46c ./Core/Src/motors.o
                0x080027d4                runMotor
 .text.RC522_SPI_Transfer
                0x08002c40       0x2c ./Core/Src/rfid.o
                0x08002c40                RC522_SPI_Transfer
 .text.Write_MFRC522
                0x08002c6c       0x4a ./Core/Src/rfid.o
                0x08002c6c                Write_MFRC522
 .text.Read_MFRC522
                0x08002cb6       0x52 ./Core/Src/rfid.o
                0x08002cb6                Read_MFRC522
 .text.SetBitMask
                0x08002d08       0x36 ./Core/Src/rfid.o
                0x08002d08                SetBitMask
 .text.ClearBitMask
                0x08002d3e       0x40 ./Core/Src/rfid.o
                0x08002d3e                ClearBitMask
 .text.AntennaOn
                0x08002d7e       0x16 ./Core/Src/rfid.o
                0x08002d7e                AntennaOn
 .text.MFRC522_Reset
                0x08002d94       0x10 ./Core/Src/rfid.o
                0x08002d94                MFRC522_Reset
 .text.MFRC522_Init
                0x08002da4       0x5a ./Core/Src/rfid.o
                0x08002da4                MFRC522_Init
 .text.MFRC522_ToCard
                0x08002dfe      0x192 ./Core/Src/rfid.o
                0x08002dfe                MFRC522_ToCard
 .text.MFRC522_Request
                0x08002f90       0x4a ./Core/Src/rfid.o
                0x08002f90                MFRC522_Request
 .text.MFRC522_Anticoll
                0x08002fda       0x7e ./Core/Src/rfid.o
                0x08002fda                MFRC522_Anticoll
 .text.CalculateCRC
                0x08003058       0x92 ./Core/Src/rfid.o
                0x08003058                CalculateCRC
 .text.MFRC522_SelectTag
                0x080030ea       0x84 ./Core/Src/rfid.o
                0x080030ea                MFRC522_SelectTag
 .text.MFRC522_Auth
                0x0800316e       0xc2 ./Core/Src/rfid.o
                0x0800316e                MFRC522_Auth
 .text.MFRC522_Read
                0x08003230       0x58 ./Core/Src/rfid.o
                0x08003230                MFRC522_Read
 .text.getSerNum
                0x08003288       0x2e ./Core/Src/rfid.o
                0x08003288                getSerNum
 *fill*         0x080032b6        0x2 
 .text.readCard
                0x080032b8       0x5c ./Core/Src/rfid.o
                0x080032b8                readCard
 .text.HAL_MspInit
                0x08003314       0x48 ./Core/Src/stm32l4xx_hal_msp.o
                0x08003314                HAL_MspInit
 .text.HAL_I2C_MspInit
                0x0800335c       0xbc ./Core/Src/stm32l4xx_hal_msp.o
                0x0800335c                HAL_I2C_MspInit
 .text.HAL_UART_MspInit
                0x08003418      0x14c ./Core/Src/stm32l4xx_hal_msp.o
                0x08003418                HAL_UART_MspInit
 .text.HAL_SPI_MspInit
                0x08003564       0xe8 ./Core/Src/stm32l4xx_hal_msp.o
                0x08003564                HAL_SPI_MspInit
 .text.NMI_Handler
                0x0800364c        0x8 ./Core/Src/stm32l4xx_it.o
                0x0800364c                NMI_Handler
 .text.HardFault_Handler
                0x08003654        0x8 ./Core/Src/stm32l4xx_it.o
                0x08003654                HardFault_Handler
 .text.MemManage_Handler
                0x0800365c        0x8 ./Core/Src/stm32l4xx_it.o
                0x0800365c                MemManage_Handler
 .text.BusFault_Handler
                0x08003664        0x8 ./Core/Src/stm32l4xx_it.o
                0x08003664                BusFault_Handler
 .text.UsageFault_Handler
                0x0800366c        0x8 ./Core/Src/stm32l4xx_it.o
                0x0800366c                UsageFault_Handler
 .text.SVC_Handler
                0x08003674        0xe ./Core/Src/stm32l4xx_it.o
                0x08003674                SVC_Handler
 .text.DebugMon_Handler
                0x08003682        0xe ./Core/Src/stm32l4xx_it.o
                0x08003682                DebugMon_Handler
 .text.PendSV_Handler
                0x08003690        0xe ./Core/Src/stm32l4xx_it.o
                0x08003690                PendSV_Handler
 .text.SysTick_Handler
                0x0800369e        0xc ./Core/Src/stm32l4xx_it.o
                0x0800369e                SysTick_Handler
 .text.EXTI15_10_IRQHandler
                0x080036aa       0x18 ./Core/Src/stm32l4xx_it.o
                0x080036aa                EXTI15_10_IRQHandler
 .text._getpid  0x080036c2       0x10 ./Core/Src/syscalls.o
                0x080036c2                _getpid
 .text._kill    0x080036d2       0x20 ./Core/Src/syscalls.o
                0x080036d2                _kill
 .text._exit    0x080036f2       0x16 ./Core/Src/syscalls.o
                0x080036f2                _exit
 .text._read    0x08003708       0x3a ./Core/Src/syscalls.o
                0x08003708                _read
 .text._write   0x08003742       0x38 ./Core/Src/syscalls.o
                0x08003742                _write
 .text._close   0x0800377a       0x18 ./Core/Src/syscalls.o
                0x0800377a                _close
 .text._fstat   0x08003792       0x20 ./Core/Src/syscalls.o
                0x08003792                _fstat
 .text._isatty  0x080037b2       0x16 ./Core/Src/syscalls.o
                0x080037b2                _isatty
 .text._lseek   0x080037c8       0x1a ./Core/Src/syscalls.o
                0x080037c8                _lseek
 *fill*         0x080037e2        0x2 
 .text._sbrk    0x080037e4       0x6c ./Core/Src/sysmem.o
                0x080037e4                _sbrk
 .text.SystemInit
                0x08003850       0x24 ./Core/Src/system_stm32l4xx.o
                0x08003850                SystemInit
 .text.convert_data
                0x08003874       0x78 ./Core/Src/temp_humid.o
                0x08003874                convert_data
 .text.read_sensor_data
                0x080038ec       0x98 ./Core/Src/temp_humid.o
                0x080038ec                read_sensor_data
 .text.temp_humid
                0x08003984       0x4e ./Core/Src/temp_humid.o
                0x08003984                temp_humid
 *fill*         0x080039d2        0x2 
 .text.Reset_Handler
                0x080039d4       0x50 ./Core/Startup/startup_stm32l4r5zitxp.o
                0x080039d4                Reset_Handler
 .text.Default_Handler
                0x08003a24        0x2 ./Core/Startup/startup_stm32l4r5zitxp.o
                0x08003a24                RTC_Alarm_IRQHandler
                0x08003a24                EXTI2_IRQHandler
                0x08003a24                TIM8_TRG_COM_IRQHandler
                0x08003a24                TIM8_CC_IRQHandler
                0x08003a24                TIM1_CC_IRQHandler
                0x08003a24                TSC_IRQHandler
                0x08003a24                TAMP_STAMP_IRQHandler
                0x08003a24                EXTI3_IRQHandler
                0x08003a24                LPTIM2_IRQHandler
                0x08003a24                DFSDM1_FLT1_IRQHandler
                0x08003a24                GFXMMU_IRQHandler
                0x08003a24                I2C3_ER_IRQHandler
                0x08003a24                DFSDM1_FLT2_IRQHandler
                0x08003a24                EXTI0_IRQHandler
                0x08003a24                I2C2_EV_IRQHandler
                0x08003a24                CAN1_RX0_IRQHandler
                0x08003a24                FPU_IRQHandler
                0x08003a24                TIM1_UP_TIM16_IRQHandler
                0x08003a24                LTDC_ER_IRQHandler
                0x08003a24                SPI1_IRQHandler
                0x08003a24                OCTOSPI1_IRQHandler
                0x08003a24                TIM6_DAC_IRQHandler
                0x08003a24                DCMI_IRQHandler
                0x08003a24                TIM8_UP_IRQHandler
                0x08003a24                OCTOSPI2_IRQHandler
                0x08003a24                DMA2_Channel2_IRQHandler
                0x08003a24                DMA1_Channel4_IRQHandler
                0x08003a24                SAI2_IRQHandler
                0x08003a24                ADC1_IRQHandler
                0x08003a24                DFSDM1_FLT3_IRQHandler
                0x08003a24                USART3_IRQHandler
                0x08003a24                DMA1_Channel7_IRQHandler
                0x08003a24                CAN1_RX1_IRQHandler
                0x08003a24                UART5_IRQHandler
                0x08003a24                TIM4_IRQHandler
                0x08003a24                DMA2_Channel1_IRQHandler
                0x08003a24                I2C1_EV_IRQHandler
                0x08003a24                DMAMUX1_OVR_IRQHandler
                0x08003a24                DMA1_Channel6_IRQHandler
                0x08003a24                UART4_IRQHandler
                0x08003a24                DMA2_Channel4_IRQHandler
                0x08003a24                TIM3_IRQHandler
                0x08003a24                RCC_IRQHandler
                0x08003a24                DMA1_Channel1_IRQHandler
                0x08003a24                Default_Handler
                0x08003a24                DMA2_Channel7_IRQHandler
                0x08003a24                TIM7_IRQHandler
                0x08003a24                SDMMC1_IRQHandler
                0x08003a24                TIM5_IRQHandler
                0x08003a24                I2C3_EV_IRQHandler
                0x08003a24                EXTI9_5_IRQHandler
                0x08003a24                RTC_WKUP_IRQHandler
                0x08003a24                LTDC_IRQHandler
                0x08003a24                PVD_PVM_IRQHandler
                0x08003a24                SPI2_IRQHandler
                0x08003a24                CAN1_TX_IRQHandler
                0x08003a24                DMA2_Channel5_IRQHandler
                0x08003a24                CRS_IRQHandler
                0x08003a24                DMA1_Channel5_IRQHandler
                0x08003a24                EXTI4_IRQHandler
                0x08003a24                RNG_IRQHandler
                0x08003a24                TIM1_TRG_COM_TIM17_IRQHandler
                0x08003a24                DMA1_Channel3_IRQHandler
                0x08003a24                COMP_IRQHandler
                0x08003a24                WWDG_IRQHandler
                0x08003a24                I2C4_EV_IRQHandler
                0x08003a24                LPUART1_IRQHandler
                0x08003a24                DMA2_Channel6_IRQHandler
                0x08003a24                TIM2_IRQHandler
                0x08003a24                DMA2D_IRQHandler
                0x08003a24                EXTI1_IRQHandler
                0x08003a24                USART2_IRQHandler
                0x08003a24                DFSDM1_FLT0_IRQHandler
                0x08003a24                I2C2_ER_IRQHandler
                0x08003a24                DMA1_Channel2_IRQHandler
                0x08003a24                TIM8_BRK_IRQHandler
                0x08003a24                CAN1_SCE_IRQHandler
                0x08003a24                FLASH_IRQHandler
                0x08003a24                USART1_IRQHandler
                0x08003a24                OTG_FS_IRQHandler
                0x08003a24                SPI3_IRQHandler
                0x08003a24                I2C1_ER_IRQHandler
                0x08003a24                FMC_IRQHandler
                0x08003a24                LPTIM1_IRQHandler
                0x08003a24                I2C4_ER_IRQHandler
                0x08003a24                SAI1_IRQHandler
                0x08003a24                DMA2_Channel3_IRQHandler
                0x08003a24                TIM1_BRK_TIM15_IRQHandler
 .text.HAL_Init
                0x08003a26       0x30 ./Drivers/STM32L4xx_HAL_Driver/Src/stm32l4xx_hal.o
                0x08003a26                HAL_Init
 *fill*         0x08003a56        0x2 
 .text.HAL_InitTick
                0x08003a58       0x78 ./Drivers/STM32L4xx_HAL_Driver/Src/stm32l4xx_hal.o
                0x08003a58                HAL_InitTick
 .text.HAL_IncTick
                0x08003ad0       0x28 ./Drivers/STM32L4xx_HAL_Driver/Src/stm32l4xx_hal.o
                0x08003ad0                HAL_IncTick
 .text.HAL_GetTick
                0x08003af8       0x18 ./Drivers/STM32L4xx_HAL_Driver/Src/stm32l4xx_hal.o
                0x08003af8                HAL_GetTick
 .text.HAL_Delay
                0x08003b10       0x48 ./Drivers/STM32L4xx_HAL_Driver/Src/stm32l4xx_hal.o
                0x08003b10                HAL_Delay
 .text.__NVIC_SetPriorityGrouping
                0x08003b58       0x48 ./Drivers/STM32L4xx_HAL_Driver/Src/stm32l4xx_hal_cortex.o
 .text.__NVIC_GetPriorityGrouping
                0x08003ba0       0x1c ./Drivers/STM32L4xx_HAL_Driver/Src/stm32l4xx_hal_cortex.o
 .text.__NVIC_EnableIRQ
                0x08003bbc       0x3c ./Drivers/STM32L4xx_HAL_Driver/Src/stm32l4xx_hal_cortex.o
 .text.__NVIC_SetPriority
                0x08003bf8       0x54 ./Drivers/STM32L4xx_HAL_Driver/Src/stm32l4xx_hal_cortex.o
 .text.NVIC_EncodePriority
                0x08003c4c       0x66 ./Drivers/STM32L4xx_HAL_Driver/Src/stm32l4xx_hal_cortex.o
 *fill*         0x08003cb2        0x2 
 .text.SysTick_Config
                0x08003cb4       0x44 ./Drivers/STM32L4xx_HAL_Driver/Src/stm32l4xx_hal_cortex.o
 .text.HAL_NVIC_SetPriorityGrouping
                0x08003cf8       0x16 ./Drivers/STM32L4xx_HAL_Driver/Src/stm32l4xx_hal_cortex.o
                0x08003cf8                HAL_NVIC_SetPriorityGrouping
 .text.HAL_NVIC_SetPriority
                0x08003d0e       0x38 ./Drivers/STM32L4xx_HAL_Driver/Src/stm32l4xx_hal_cortex.o
                0x08003d0e                HAL_NVIC_SetPriority
 .text.HAL_NVIC_EnableIRQ
                0x08003d46       0x1c ./Drivers/STM32L4xx_HAL_Driver/Src/stm32l4xx_hal_cortex.o
                0x08003d46                HAL_NVIC_EnableIRQ
 .text.HAL_SYSTICK_Config
                0x08003d62       0x18 ./Drivers/STM32L4xx_HAL_Driver/Src/stm32l4xx_hal_cortex.o
                0x08003d62                HAL_SYSTICK_Config
 *fill*         0x08003d7a        0x2 
 .text.HAL_GPIO_Init
                0x08003d7c      0x324 ./Drivers/STM32L4xx_HAL_Driver/Src/stm32l4xx_hal_gpio.o
                0x08003d7c                HAL_GPIO_Init
 .text.HAL_GPIO_WritePin
                0x080040a0       0x30 ./Drivers/STM32L4xx_HAL_Driver/Src/stm32l4xx_hal_gpio.o
                0x080040a0                HAL_GPIO_WritePin
 .text.HAL_GPIO_EXTI_IRQHandler
                0x080040d0       0x30 ./Drivers/STM32L4xx_HAL_Driver/Src/stm32l4xx_hal_gpio.o
                0x080040d0                HAL_GPIO_EXTI_IRQHandler
 .text.HAL_I2C_Init
                0x08004100      0x136 ./Drivers/STM32L4xx_HAL_Driver/Src/stm32l4xx_hal_i2c.o
                0x08004100                HAL_I2C_Init
 *fill*         0x08004236        0x2 
 .text.HAL_I2C_Master_Transmit
                0x08004238      0x230 ./Drivers/STM32L4xx_HAL_Driver/Src/stm32l4xx_hal_i2c.o
                0x08004238                HAL_I2C_Master_Transmit
 .text.HAL_I2C_Master_Receive
                0x08004468      0x1ec ./Drivers/STM32L4xx_HAL_Driver/Src/stm32l4xx_hal_i2c.o
                0x08004468                HAL_I2C_Master_Receive
 .text.HAL_I2C_Mem_Read
                0x08004654      0x234 ./Drivers/STM32L4xx_HAL_Driver/Src/stm32l4xx_hal_i2c.o
                0x08004654                HAL_I2C_Mem_Read
 .text.HAL_I2C_IsDeviceReady
                0x08004888      0x1d8 ./Drivers/STM32L4xx_HAL_Driver/Src/stm32l4xx_hal_i2c.o
                0x08004888                HAL_I2C_IsDeviceReady
 .text.I2C_RequestMemoryRead
                0x08004a60       0xa8 ./Drivers/STM32L4xx_HAL_Driver/Src/stm32l4xx_hal_i2c.o
 .text.I2C_Flush_TXDR
                0x08004b08       0x48 ./Drivers/STM32L4xx_HAL_Driver/Src/stm32l4xx_hal_i2c.o
 .text.I2C_WaitOnFlagUntilTimeout
                0x08004b50       0xb2 ./Drivers/STM32L4xx_HAL_Driver/Src/stm32l4xx_hal_i2c.o
 .text.I2C_WaitOnTXISFlagUntilTimeout
                0x08004c02       0x8e ./Drivers/STM32L4xx_HAL_Driver/Src/stm32l4xx_hal_i2c.o
 .text.I2C_WaitOnSTOPFlagUntilTimeout
                0x08004c90       0x86 ./Drivers/STM32L4xx_HAL_Driver/Src/stm32l4xx_hal_i2c.o
 *fill*         0x08004d16        0x2 
 .text.I2C_WaitOnRXNEFlagUntilTimeout
                0x08004d18      0x118 ./Drivers/STM32L4xx_HAL_Driver/Src/stm32l4xx_hal_i2c.o
 .text.I2C_IsErrorOccurred
                0x08004e30      0x1c0 ./Drivers/STM32L4xx_HAL_Driver/Src/stm32l4xx_hal_i2c.o
 .text.I2C_TransferConfig
                0x08004ff0       0x64 ./Drivers/STM32L4xx_HAL_Driver/Src/stm32l4xx_hal_i2c.o
 .text.HAL_I2CEx_ConfigAnalogFilter
                0x08005054       0x96 ./Drivers/STM32L4xx_HAL_Driver/Src/stm32l4xx_hal_i2c_ex.o
                0x08005054                HAL_I2CEx_ConfigAnalogFilter
 .text.HAL_I2CEx_ConfigDigitalFilter
                0x080050ea       0x98 ./Drivers/STM32L4xx_HAL_Driver/Src/stm32l4xx_hal_i2c_ex.o
                0x080050ea                HAL_I2CEx_ConfigDigitalFilter
 *fill*         0x08005182        0x2 
 .text.HAL_PWREx_GetVoltageRange
                0x08005184       0x40 ./Drivers/STM32L4xx_HAL_Driver/Src/stm32l4xx_hal_pwr_ex.o
                0x08005184                HAL_PWREx_GetVoltageRange
 .text.HAL_PWREx_ControlVoltageScaling
                0x080051c4      0x148 ./Drivers/STM32L4xx_HAL_Driver/Src/stm32l4xx_hal_pwr_ex.o
                0x080051c4                HAL_PWREx_ControlVoltageScaling
 .text.HAL_PWREx_EnableVddIO2
                0x0800530c       0x20 ./Drivers/STM32L4xx_HAL_Driver/Src/stm32l4xx_hal_pwr_ex.o
                0x0800530c                HAL_PWREx_EnableVddIO2
 .text.HAL_RCC_OscConfig
                0x0800532c      0x834 ./Drivers/STM32L4xx_HAL_Driver/Src/stm32l4xx_hal_rcc.o
                0x0800532c                HAL_RCC_OscConfig
 .text.HAL_RCC_ClockConfig
                0x08005b60      0x274 ./Drivers/STM32L4xx_HAL_Driver/Src/stm32l4xx_hal_rcc.o
                0x08005b60                HAL_RCC_ClockConfig
 .text.HAL_RCC_GetSysClockFreq
                0x08005dd4      0x118 ./Drivers/STM32L4xx_HAL_Driver/Src/stm32l4xx_hal_rcc.o
                0x08005dd4                HAL_RCC_GetSysClockFreq
 .text.HAL_RCC_GetHCLKFreq
                0x08005eec       0x18 ./Drivers/STM32L4xx_HAL_Driver/Src/stm32l4xx_hal_rcc.o
                0x08005eec                HAL_RCC_GetHCLKFreq
 .text.HAL_RCC_GetPCLK1Freq
                0x08005f04       0x2c ./Drivers/STM32L4xx_HAL_Driver/Src/stm32l4xx_hal_rcc.o
                0x08005f04                HAL_RCC_GetPCLK1Freq
 .text.HAL_RCC_GetPCLK2Freq
                0x08005f30       0x2c ./Drivers/STM32L4xx_HAL_Driver/Src/stm32l4xx_hal_rcc.o
                0x08005f30                HAL_RCC_GetPCLK2Freq
 .text.RCC_SetFlashLatencyFromMSIRange
                0x08005f5c       0xb4 ./Drivers/STM32L4xx_HAL_Driver/Src/stm32l4xx_hal_rcc.o
 .text.RCC_GetSysClockFreqFromPLLSource
                0x08006010       0xcc ./Drivers/STM32L4xx_HAL_Driver/Src/stm32l4xx_hal_rcc.o
 .text.HAL_RCCEx_PeriphCLKConfig
                0x080060dc      0x660 ./Drivers/STM32L4xx_HAL_Driver/Src/stm32l4xx_hal_rcc_ex.o
                0x080060dc                HAL_RCCEx_PeriphCLKConfig
 .text.RCCEx_PLLSAI1_Config
                0x0800673c      0x1e8 ./Drivers/STM32L4xx_HAL_Driver/Src/stm32l4xx_hal_rcc_ex.o
 .text.RCCEx_PLLSAI2_Config
                0x08006924      0x1e8 ./Drivers/STM32L4xx_HAL_Driver/Src/stm32l4xx_hal_rcc_ex.o
 .text.HAL_SPI_Init
                0x08006b0c      0x146 ./Drivers/STM32L4xx_HAL_Driver/Src/stm32l4xx_hal_spi.o
                0x08006b0c                HAL_SPI_Init
 .text.HAL_SPI_Transmit
                0x08006c52      0x2ec ./Drivers/STM32L4xx_HAL_Driver/Src/stm32l4xx_hal_spi.o
                0x08006c52                HAL_SPI_Transmit
 .text.HAL_SPI_TransmitReceive
                0x08006f3e      0x43e ./Drivers/STM32L4xx_HAL_Driver/Src/stm32l4xx_hal_spi.o
                0x08006f3e                HAL_SPI_TransmitReceive
 .text.SPI_WaitFlagStateUntilTimeout
                0x0800737c      0x110 ./Drivers/STM32L4xx_HAL_Driver/Src/stm32l4xx_hal_spi.o
 .text.SPI_WaitFifoStateUntilTimeout
                0x0800748c      0x12c ./Drivers/STM32L4xx_HAL_Driver/Src/stm32l4xx_hal_spi.o
 .text.SPI_EndRxTxTransaction
                0x080075b8       0x8c ./Drivers/STM32L4xx_HAL_Driver/Src/stm32l4xx_hal_spi.o
 .text.HAL_UART_Init
                0x08007644       0xa0 ./Drivers/STM32L4xx_HAL_Driver/Src/stm32l4xx_hal_uart.o
                0x08007644                HAL_UART_Init
 .text.HAL_UART_Transmit
                0x080076e4      0x11c ./Drivers/STM32L4xx_HAL_Driver/Src/stm32l4xx_hal_uart.o
                0x080076e4                HAL_UART_Transmit
 .text.UART_SetConfig
                0x08007800      0x5f8 ./Drivers/STM32L4xx_HAL_Driver/Src/stm32l4xx_hal_uart.o
                0x08007800                UART_SetConfig
 .text.UART_AdvFeatureConfig
                0x08007df8      0x144 ./Drivers/STM32L4xx_HAL_Driver/Src/stm32l4xx_hal_uart.o
                0x08007df8                UART_AdvFeatureConfig
 .text.UART_CheckIdleState
                0x08007f3c      0x154 ./Drivers/STM32L4xx_HAL_Driver/Src/stm32l4xx_hal_uart.o
                0x08007f3c                UART_CheckIdleState
 .text.UART_WaitOnFlagUntilTimeout
                0x08008090       0xda ./Drivers/STM32L4xx_HAL_Driver/Src/stm32l4xx_hal_uart.o
                0x08008090                UART_WaitOnFlagUntilTimeout
 .text.UART_EndRxTransfer
                0x0800816a       0xcc ./Drivers/STM32L4xx_HAL_Driver/Src/stm32l4xx_hal_uart.o
 .text.HAL_UARTEx_DisableFifoMode
                0x08008236       0x72 ./Drivers/STM32L4xx_HAL_Driver/Src/stm32l4xx_hal_uart_ex.o
                0x08008236                HAL_UARTEx_DisableFifoMode
 .text.HAL_UARTEx_SetTxFifoThreshold
                0x080082a8       0x7c ./Drivers/STM32L4xx_HAL_Driver/Src/stm32l4xx_hal_uart_ex.o
                0x080082a8                HAL_UARTEx_SetTxFifoThreshold
 .text.HAL_UARTEx_SetRxFifoThreshold
                0x08008324       0x7c ./Drivers/STM32L4xx_HAL_Driver/Src/stm32l4xx_hal_uart_ex.o
                0x08008324                HAL_UARTEx_SetRxFifoThreshold
 .text.UARTEx_SetNbDataToProcess
                0x080083a0       0x9c ./Drivers/STM32L4xx_HAL_Driver/Src/stm32l4xx_hal_uart_ex.o
 .text.VL53L0X_GetOffsetCalibrationDataMicroMeter
                0x0800843c       0x26 ./Drivers/VL53L0X/core/src/vl53l0x_api.o
                0x0800843c                VL53L0X_GetOffsetCalibrationDataMicroMeter
 *fill*         0x08008462        0x2 
 .text.VL53L0X_DataInit
                0x08008464      0x2c8 ./Drivers/VL53L0X/core/src/vl53l0x_api.o
                0x08008464                VL53L0X_DataInit
 .text.VL53L0X_StaticInit
                0x0800872c      0x300 ./Drivers/VL53L0X/core/src/vl53l0x_api.o
                0x0800872c                VL53L0X_StaticInit
 .text.VL53L0X_WaitDeviceBooted
                0x08008a2c       0x1c ./Drivers/VL53L0X/core/src/vl53l0x_api.o
                0x08008a2c                VL53L0X_WaitDeviceBooted
 .text.VL53L0X_GetDeviceParameters
                0x08008a48      0x120 ./Drivers/VL53L0X/core/src/vl53l0x_api.o
                0x08008a48                VL53L0X_GetDeviceParameters
 .text.VL53L0X_SetDeviceMode
                0x08008b68       0x58 ./Drivers/VL53L0X/core/src/vl53l0x_api.o
                0x08008b68                VL53L0X_SetDeviceMode
 .text.VL53L0X_GetDeviceMode
                0x08008bc0       0x26 ./Drivers/VL53L0X/core/src/vl53l0x_api.o
                0x08008bc0                VL53L0X_GetDeviceMode
 .text.VL53L0X_GetFractionEnable
                0x08008be6       0x3e ./Drivers/VL53L0X/core/src/vl53l0x_api.o
                0x08008be6                VL53L0X_GetFractionEnable
 .text.VL53L0X_SetMeasurementTimingBudgetMicroSeconds
                0x08008c24       0x26 ./Drivers/VL53L0X/core/src/vl53l0x_api.o
                0x08008c24                VL53L0X_SetMeasurementTimingBudgetMicroSeconds
 .text.VL53L0X_GetMeasurementTimingBudgetMicroSeconds
                0x08008c4a       0x26 ./Drivers/VL53L0X/core/src/vl53l0x_api.o
                0x08008c4a                VL53L0X_GetMeasurementTimingBudgetMicroSeconds
 .text.VL53L0X_GetVcselPulsePeriod
                0x08008c70       0x2e ./Drivers/VL53L0X/core/src/vl53l0x_api.o
                0x08008c70                VL53L0X_GetVcselPulsePeriod
 *fill*         0x08008c9e        0x2 
 .text.VL53L0X_SetSequenceStepEnable
                0x08008ca0      0x140 ./Drivers/VL53L0X/core/src/vl53l0x_api.o
                0x08008ca0                VL53L0X_SetSequenceStepEnable
 .text.sequence_step_enabled
                0x08008de0       0xa4 ./Drivers/VL53L0X/core/src/vl53l0x_api.o
                0x08008de0                sequence_step_enabled
 .text.VL53L0X_GetSequenceStepEnables
                0x08008e84       0xb0 ./Drivers/VL53L0X/core/src/vl53l0x_api.o
                0x08008e84                VL53L0X_GetSequenceStepEnables
 .text.VL53L0X_GetInterMeasurementPeriodMilliSeconds
                0x08008f34       0x68 ./Drivers/VL53L0X/core/src/vl53l0x_api.o
                0x08008f34                VL53L0X_GetInterMeasurementPeriodMilliSeconds
 .text.VL53L0X_GetXTalkCompensationEnable
                0x08008f9c       0x2a ./Drivers/VL53L0X/core/src/vl53l0x_api.o
                0x08008f9c                VL53L0X_GetXTalkCompensationEnable
 .text.VL53L0X_GetXTalkCompensationRateMegaCps
                0x08008fc6       0x66 ./Drivers/VL53L0X/core/src/vl53l0x_api.o
                0x08008fc6                VL53L0X_GetXTalkCompensationRateMegaCps
 .text.VL53L0X_SetLimitCheckEnable
                0x0800902c      0x118 ./Drivers/VL53L0X/core/src/vl53l0x_api.o
                0x0800902c                VL53L0X_SetLimitCheckEnable
 .text.VL53L0X_GetLimitCheckEnable
                0x08009144       0x46 ./Drivers/VL53L0X/core/src/vl53l0x_api.o
                0x08009144                VL53L0X_GetLimitCheckEnable
 *fill*         0x0800918a        0x2 
 .text.VL53L0X_SetLimitCheckValue
                0x0800918c       0xc4 ./Drivers/VL53L0X/core/src/vl53l0x_api.o
                0x0800918c                VL53L0X_SetLimitCheckValue
 .text.VL53L0X_GetLimitCheckValue
                0x08009250      0x11c ./Drivers/VL53L0X/core/src/vl53l0x_api.o
                0x08009250                VL53L0X_GetLimitCheckValue
 .text.VL53L0X_GetWrapAroundCheckEnable
                0x0800936c       0x64 ./Drivers/VL53L0X/core/src/vl53l0x_api.o
                0x0800936c                VL53L0X_GetWrapAroundCheckEnable
 .text.VL53L0X_PerformSingleMeasurement
                0x080093d0       0x68 ./Drivers/VL53L0X/core/src/vl53l0x_api.o
                0x080093d0                VL53L0X_PerformSingleMeasurement
 .text.VL53L0X_PerformRefCalibration
                0x08009438       0x2c ./Drivers/VL53L0X/core/src/vl53l0x_api.o
                0x08009438                VL53L0X_PerformRefCalibration
 .text.VL53L0X_CheckAndLoadInterruptSettings
                0x08009464       0xcc ./Drivers/VL53L0X/core/src/vl53l0x_api.o
                0x08009464                VL53L0X_CheckAndLoadInterruptSettings
 .text.VL53L0X_StartMeasurement
                0x08009530      0x184 ./Drivers/VL53L0X/core/src/vl53l0x_api.o
                0x08009530                VL53L0X_StartMeasurement
 .text.VL53L0X_GetMeasurementDataReady
                0x080096b4       0x80 ./Drivers/VL53L0X/core/src/vl53l0x_api.o
                0x080096b4                VL53L0X_GetMeasurementDataReady
 .text.VL53L0X_GetRangingMeasurementData
                0x08009734      0x238 ./Drivers/VL53L0X/core/src/vl53l0x_api.o
                0x08009734                VL53L0X_GetRangingMeasurementData
 .text.VL53L0X_PerformSingleRangingMeasurement
                0x0800996c       0x60 ./Drivers/VL53L0X/core/src/vl53l0x_api.o
                0x0800996c                VL53L0X_PerformSingleRangingMeasurement
 .text.VL53L0X_SetGpioConfig
                0x080099cc      0x244 ./Drivers/VL53L0X/core/src/vl53l0x_api.o
                0x080099cc                VL53L0X_SetGpioConfig
 .text.VL53L0X_GetInterruptThresholds
                0x08009c10       0x68 ./Drivers/VL53L0X/core/src/vl53l0x_api.o
                0x08009c10                VL53L0X_GetInterruptThresholds
 .text.VL53L0X_ClearInterruptMask
                0x08009c78       0x80 ./Drivers/VL53L0X/core/src/vl53l0x_api.o
                0x08009c78                VL53L0X_ClearInterruptMask
 .text.VL53L0X_GetInterruptMaskStatus
                0x08009cf8       0x44 ./Drivers/VL53L0X/core/src/vl53l0x_api.o
                0x08009cf8                VL53L0X_GetInterruptMaskStatus
 .text.VL53L0X_PerformRefSpadManagement
                0x08009d3c       0x2a ./Drivers/VL53L0X/core/src/vl53l0x_api.o
                0x08009d3c                VL53L0X_PerformRefSpadManagement
 .text.VL53L0X_get_offset_calibration_data_micro_meter
                0x08009d66       0x7e ./Drivers/VL53L0X/core/src/vl53l0x_api_calibration.o
                0x08009d66                VL53L0X_get_offset_calibration_data_micro_meter
 .text.get_next_good_spad
                0x08009de4       0xbc ./Drivers/VL53L0X/core/src/vl53l0x_api_calibration.o
                0x08009de4                get_next_good_spad
 .text.is_aperture
                0x08009ea0       0x34 ./Drivers/VL53L0X/core/src/vl53l0x_api_calibration.o
                0x08009ea0                is_aperture
 .text.enable_spad_bit
                0x08009ed4       0x70 ./Drivers/VL53L0X/core/src/vl53l0x_api_calibration.o
                0x08009ed4                enable_spad_bit
 .text.set_ref_spad_map
                0x08009f44       0x26 ./Drivers/VL53L0X/core/src/vl53l0x_api_calibration.o
                0x08009f44                set_ref_spad_map
 .text.get_ref_spad_map
                0x08009f6a       0x26 ./Drivers/VL53L0X/core/src/vl53l0x_api_calibration.o
                0x08009f6a                get_ref_spad_map
 .text.enable_ref_spads
                0x08009f90       0xf8 ./Drivers/VL53L0X/core/src/vl53l0x_api_calibration.o
                0x08009f90                enable_ref_spads
 .text.perform_ref_signal_measurement
                0x0800a088       0xd4 ./Drivers/VL53L0X/core/src/vl53l0x_api_calibration.o
                0x0800a088                perform_ref_signal_measurement
 .text.VL53L0X_perform_ref_spad_management
                0x0800a15c      0x418 ./Drivers/VL53L0X/core/src/vl53l0x_api_calibration.o
                0x0800a15c                VL53L0X_perform_ref_spad_management
 .text.VL53L0X_set_reference_spads
                0x0800a574      0x14a ./Drivers/VL53L0X/core/src/vl53l0x_api_calibration.o
                0x0800a574                VL53L0X_set_reference_spads
 .text.VL53L0X_perform_single_ref_calibration
                0x0800a6be       0x76 ./Drivers/VL53L0X/core/src/vl53l0x_api_calibration.o
                0x0800a6be                VL53L0X_perform_single_ref_calibration
 .text.VL53L0X_ref_calibration_io
                0x0800a734      0x132 ./Drivers/VL53L0X/core/src/vl53l0x_api_calibration.o
                0x0800a734                VL53L0X_ref_calibration_io
 .text.VL53L0X_perform_vhv_calibration
                0x0800a866       0xce ./Drivers/VL53L0X/core/src/vl53l0x_api_calibration.o
                0x0800a866                VL53L0X_perform_vhv_calibration
 .text.VL53L0X_perform_phase_calibration
                0x0800a934       0xca ./Drivers/VL53L0X/core/src/vl53l0x_api_calibration.o
                0x0800a934                VL53L0X_perform_phase_calibration
 .text.VL53L0X_perform_ref_calibration
                0x0800a9fe       0x7a ./Drivers/VL53L0X/core/src/vl53l0x_api_calibration.o
                0x0800a9fe                VL53L0X_perform_ref_calibration
 .text.VL53L0X_measurement_poll_for_completion
                0x0800aa78       0x60 ./Drivers/VL53L0X/core/src/vl53l0x_api_core.o
                0x0800aa78                VL53L0X_measurement_poll_for_completion
 .text.VL53L0X_decode_vcsel_period
                0x0800aad8       0x26 ./Drivers/VL53L0X/core/src/vl53l0x_api_core.o
                0x0800aad8                VL53L0X_decode_vcsel_period
 .text.VL53L0X_isqrt
                0x0800aafe       0x68 ./Drivers/VL53L0X/core/src/vl53l0x_api_core.o
                0x0800aafe                VL53L0X_isqrt
 .text.VL53L0X_device_read_strobe
                0x0800ab66       0x86 ./Drivers/VL53L0X/core/src/vl53l0x_api_core.o
                0x0800ab66                VL53L0X_device_read_strobe
 .text.VL53L0X_get_info_from_device
                0x0800abec      0x99a ./Drivers/VL53L0X/core/src/vl53l0x_api_core.o
                0x0800abec                VL53L0X_get_info_from_device
 .text.VL53L0X_calc_macro_period_ps
                0x0800b586       0x3c ./Drivers/VL53L0X/core/src/vl53l0x_api_core.o
                0x0800b586                VL53L0X_calc_macro_period_ps
 .text.VL53L0X_encode_timeout
                0x0800b5c2       0x54 ./Drivers/VL53L0X/core/src/vl53l0x_api_core.o
                0x0800b5c2                VL53L0X_encode_timeout
 .text.VL53L0X_decode_timeout
                0x0800b616       0x2c ./Drivers/VL53L0X/core/src/vl53l0x_api_core.o
                0x0800b616                VL53L0X_decode_timeout
 *fill*         0x0800b642        0x2 
 .text.VL53L0X_calc_timeout_mclks
                0x0800b644       0x54 ./Drivers/VL53L0X/core/src/vl53l0x_api_core.o
                0x0800b644                VL53L0X_calc_timeout_mclks
 .text.VL53L0X_calc_timeout_us
                0x0800b698       0x54 ./Drivers/VL53L0X/core/src/vl53l0x_api_core.o
                0x0800b698                VL53L0X_calc_timeout_us
 .text.get_sequence_step_timeout
                0x0800b6ec      0x1c0 ./Drivers/VL53L0X/core/src/vl53l0x_api_core.o
                0x0800b6ec                get_sequence_step_timeout
 .text.set_sequence_step_timeout
                0x0800b8ac      0x1e4 ./Drivers/VL53L0X/core/src/vl53l0x_api_core.o
                0x0800b8ac                set_sequence_step_timeout
 .text.VL53L0X_get_vcsel_pulse_period
                0x0800ba90       0x6e ./Drivers/VL53L0X/core/src/vl53l0x_api_core.o
                0x0800ba90                VL53L0X_get_vcsel_pulse_period
 .text.VL53L0X_set_measurement_timing_budget_micro_seconds
                0x0800bafe      0x1c0 ./Drivers/VL53L0X/core/src/vl53l0x_api_core.o
                0x0800bafe                VL53L0X_set_measurement_timing_budget_micro_seconds
 .text.VL53L0X_get_measurement_timing_budget_micro_seconds
                0x0800bcbe      0x162 ./Drivers/VL53L0X/core/src/vl53l0x_api_core.o
                0x0800bcbe                VL53L0X_get_measurement_timing_budget_micro_seconds
 .text.VL53L0X_load_tuning_settings
                0x0800be20      0x1c4 ./Drivers/VL53L0X/core/src/vl53l0x_api_core.o
                0x0800be20                VL53L0X_load_tuning_settings
 .text.VL53L0X_get_total_xtalk_rate
                0x0800bfe4       0x5e ./Drivers/VL53L0X/core/src/vl53l0x_api_core.o
                0x0800bfe4                VL53L0X_get_total_xtalk_rate
 .text.VL53L0X_get_total_signal_rate
                0x0800c042       0x4a ./Drivers/VL53L0X/core/src/vl53l0x_api_core.o
                0x0800c042                VL53L0X_get_total_signal_rate
 .text.VL53L0X_calc_dmax
                0x0800c08c      0x238 ./Drivers/VL53L0X/core/src/vl53l0x_api_core.o
                0x0800c08c                VL53L0X_calc_dmax
 .text.VL53L0X_calc_sigma_estimate
                0x0800c2c4      0x498 ./Drivers/VL53L0X/core/src/vl53l0x_api_core.o
                0x0800c2c4                VL53L0X_calc_sigma_estimate
 .text.VL53L0X_get_pal_range_status
                0x0800c75c      0x3b6 ./Drivers/VL53L0X/core/src/vl53l0x_api_core.o
                0x0800c75c                VL53L0X_get_pal_range_status
 .text._I2CWrite
                0x0800cb12       0x3e ./Drivers/VL53L0X/platform/src/vl53l0x_platform.o
                0x0800cb12                _I2CWrite
 .text._I2CRead
                0x0800cb50       0x44 ./Drivers/VL53L0X/platform/src/vl53l0x_platform.o
                0x0800cb50                _I2CRead
 .text.VL53L0X_WriteMulti
                0x0800cb94       0x60 ./Drivers/VL53L0X/platform/src/vl53l0x_platform.o
                0x0800cb94                VL53L0X_WriteMulti
 .text.VL53L0X_ReadMulti
                0x0800cbf4       0x56 ./Drivers/VL53L0X/platform/src/vl53l0x_platform.o
                0x0800cbf4                VL53L0X_ReadMulti
 *fill*         0x0800cc4a        0x2 
 .text.VL53L0X_WrByte
                0x0800cc4c       0x48 ./Drivers/VL53L0X/platform/src/vl53l0x_platform.o
                0x0800cc4c                VL53L0X_WrByte
 .text.VL53L0X_WrWord
                0x0800cc94       0x54 ./Drivers/VL53L0X/platform/src/vl53l0x_platform.o
                0x0800cc94                VL53L0X_WrWord
 .text.VL53L0X_UpdateByte
                0x0800cce8       0x68 ./Drivers/VL53L0X/platform/src/vl53l0x_platform.o
                0x0800cce8                VL53L0X_UpdateByte
 .text.VL53L0X_RdByte
                0x0800cd50       0x54 ./Drivers/VL53L0X/platform/src/vl53l0x_platform.o
                0x0800cd50                VL53L0X_RdByte
 .text.VL53L0X_RdWord
                0x0800cda4       0x6c ./Drivers/VL53L0X/platform/src/vl53l0x_platform.o
                0x0800cda4                VL53L0X_RdWord
 .text.VL53L0X_RdDWord
                0x0800ce10       0x78 ./Drivers/VL53L0X/platform/src/vl53l0x_platform.o
                0x0800ce10                VL53L0X_RdDWord
 .text.VL53L0X_PollingDelay
                0x0800ce88       0x1e ./Drivers/VL53L0X/platform/src/vl53l0x_platform.o
                0x0800ce88                VL53L0X_PollingDelay
 .text.__cvt    0x0800cea6       0xca C:/ST/STM32CubeIDE_1.16.1/STM32CubeIDE/plugins/com.st.stm32cube.ide.mcu.externaltools.gnu-tools-for-stm32.13.3.rel1.win32_1.0.0.202411081344/tools/bin/../lib/gcc/arm-none-eabi/13.3.1/../../../../arm-none-eabi/lib/thumb/v7e-m+fp/hard\libc_nano.a(libc_a-nano-vfprintf_float.o)
                0x0800cea6                __cvt
 .text.__exponent
                0x0800cf70       0x74 C:/ST/STM32CubeIDE_1.16.1/STM32CubeIDE/plugins/com.st.stm32cube.ide.mcu.externaltools.gnu-tools-for-stm32.13.3.rel1.win32_1.0.0.202411081344/tools/bin/../lib/gcc/arm-none-eabi/13.3.1/../../../../arm-none-eabi/lib/thumb/v7e-m+fp/hard\libc_nano.a(libc_a-nano-vfprintf_float.o)
                0x0800cf70                __exponent
 .text._printf_float
                0x0800cfe4      0x454 C:/ST/STM32CubeIDE_1.16.1/STM32CubeIDE/plugins/com.st.stm32cube.ide.mcu.externaltools.gnu-tools-for-stm32.13.3.rel1.win32_1.0.0.202411081344/tools/bin/../lib/gcc/arm-none-eabi/13.3.1/../../../../arm-none-eabi/lib/thumb/v7e-m+fp/hard\libc_nano.a(libc_a-nano-vfprintf_float.o)
                0x0800cfe4                _printf_float
 .text._printf_common
                0x0800d438       0xda C:/ST/STM32CubeIDE_1.16.1/STM32CubeIDE/plugins/com.st.stm32cube.ide.mcu.externaltools.gnu-tools-for-stm32.13.3.rel1.win32_1.0.0.202411081344/tools/bin/../lib/gcc/arm-none-eabi/13.3.1/../../../../arm-none-eabi/lib/thumb/v7e-m+fp/hard\libc_nano.a(libc_a-nano-vfprintf_i.o)
                0x0800d438                _printf_common
 *fill*         0x0800d512        0x2 
 .text._printf_i
                0x0800d514      0x23c C:/ST/STM32CubeIDE_1.16.1/STM32CubeIDE/plugins/com.st.stm32cube.ide.mcu.externaltools.gnu-tools-for-stm32.13.3.rel1.win32_1.0.0.202411081344/tools/bin/../lib/gcc/arm-none-eabi/13.3.1/../../../../arm-none-eabi/lib/thumb/v7e-m+fp/hard\libc_nano.a(libc_a-nano-vfprintf_i.o)
                0x0800d514                _printf_i
 .text.std      0x0800d750       0x6c C:/ST/STM32CubeIDE_1.16.1/STM32CubeIDE/plugins/com.st.stm32cube.ide.mcu.externaltools.gnu-tools-for-stm32.13.3.rel1.win32_1.0.0.202411081344/tools/bin/../lib/gcc/arm-none-eabi/13.3.1/../../../../arm-none-eabi/lib/thumb/v7e-m+fp/hard\libc_nano.a(libc_a-findfp.o)
 .text.stdio_exit_handler
                0x0800d7bc       0x18 C:/ST/STM32CubeIDE_1.16.1/STM32CubeIDE/plugins/com.st.stm32cube.ide.mcu.externaltools.gnu-tools-for-stm32.13.3.rel1.win32_1.0.0.202411081344/tools/bin/../lib/gcc/arm-none-eabi/13.3.1/../../../../arm-none-eabi/lib/thumb/v7e-m+fp/hard\libc_nano.a(libc_a-findfp.o)
 .text.cleanup_stdio
                0x0800d7d4       0x40 C:/ST/STM32CubeIDE_1.16.1/STM32CubeIDE/plugins/com.st.stm32cube.ide.mcu.externaltools.gnu-tools-for-stm32.13.3.rel1.win32_1.0.0.202411081344/tools/bin/../lib/gcc/arm-none-eabi/13.3.1/../../../../arm-none-eabi/lib/thumb/v7e-m+fp/hard\libc_nano.a(libc_a-findfp.o)
 .text.global_stdio_init.part.0
                0x0800d814       0x3c C:/ST/STM32CubeIDE_1.16.1/STM32CubeIDE/plugins/com.st.stm32cube.ide.mcu.externaltools.gnu-tools-for-stm32.13.3.rel1.win32_1.0.0.202411081344/tools/bin/../lib/gcc/arm-none-eabi/13.3.1/../../../../arm-none-eabi/lib/thumb/v7e-m+fp/hard\libc_nano.a(libc_a-findfp.o)
 .text.__sfp_lock_acquire
                0x0800d850        0xc C:/ST/STM32CubeIDE_1.16.1/STM32CubeIDE/plugins/com.st.stm32cube.ide.mcu.externaltools.gnu-tools-for-stm32.13.3.rel1.win32_1.0.0.202411081344/tools/bin/../lib/gcc/arm-none-eabi/13.3.1/../../../../arm-none-eabi/lib/thumb/v7e-m+fp/hard\libc_nano.a(libc_a-findfp.o)
                0x0800d850                __sfp_lock_acquire
 .text.__sfp_lock_release
                0x0800d85c        0xc C:/ST/STM32CubeIDE_1.16.1/STM32CubeIDE/plugins/com.st.stm32cube.ide.mcu.externaltools.gnu-tools-for-stm32.13.3.rel1.win32_1.0.0.202411081344/tools/bin/../lib/gcc/arm-none-eabi/13.3.1/../../../../arm-none-eabi/lib/thumb/v7e-m+fp/hard\libc_nano.a(libc_a-findfp.o)
                0x0800d85c                __sfp_lock_release
 .text.__sinit  0x0800d868       0x30 C:/ST/STM32CubeIDE_1.16.1/STM32CubeIDE/plugins/com.st.stm32cube.ide.mcu.externaltools.gnu-tools-for-stm32.13.3.rel1.win32_1.0.0.202411081344/tools/bin/../lib/gcc/arm-none-eabi/13.3.1/../../../../arm-none-eabi/lib/thumb/v7e-m+fp/hard\libc_nano.a(libc_a-findfp.o)
                0x0800d868                __sinit
 .text._fwalk_sglue
                0x0800d898       0x3c C:/ST/STM32CubeIDE_1.16.1/STM32CubeIDE/plugins/com.st.stm32cube.ide.mcu.externaltools.gnu-tools-for-stm32.13.3.rel1.win32_1.0.0.202411081344/tools/bin/../lib/gcc/arm-none-eabi/13.3.1/../../../../arm-none-eabi/lib/thumb/v7e-m+fp/hard\libc_nano.a(libc_a-fwalk.o)
                0x0800d898                _fwalk_sglue
 .text.printf   0x0800d8d4       0x24 C:/ST/STM32CubeIDE_1.16.1/STM32CubeIDE/plugins/com.st.stm32cube.ide.mcu.externaltools.gnu-tools-for-stm32.13.3.rel1.win32_1.0.0.202411081344/tools/bin/../lib/gcc/arm-none-eabi/13.3.1/../../../../arm-none-eabi/lib/thumb/v7e-m+fp/hard\libc_nano.a(libc_a-printf.o)
                0x0800d8d4                iprintf
                0x0800d8d4                printf
 .text._puts_r  0x0800d8f8       0xaa C:/ST/STM32CubeIDE_1.16.1/STM32CubeIDE/plugins/com.st.stm32cube.ide.mcu.externaltools.gnu-tools-for-stm32.13.3.rel1.win32_1.0.0.202411081344/tools/bin/../lib/gcc/arm-none-eabi/13.3.1/../../../../arm-none-eabi/lib/thumb/v7e-m+fp/hard\libc_nano.a(libc_a-puts.o)
                0x0800d8f8                _puts_r
 *fill*         0x0800d9a2        0x2 
 .text.puts     0x0800d9a4       0x10 C:/ST/STM32CubeIDE_1.16.1/STM32CubeIDE/plugins/com.st.stm32cube.ide.mcu.externaltools.gnu-tools-for-stm32.13.3.rel1.win32_1.0.0.202411081344/tools/bin/../lib/gcc/arm-none-eabi/13.3.1/../../../../arm-none-eabi/lib/thumb/v7e-m+fp/hard\libc_nano.a(libc_a-puts.o)
                0x0800d9a4                puts
 .text.__sread  0x0800d9b4       0x22 C:/ST/STM32CubeIDE_1.16.1/STM32CubeIDE/plugins/com.st.stm32cube.ide.mcu.externaltools.gnu-tools-for-stm32.13.3.rel1.win32_1.0.0.202411081344/tools/bin/../lib/gcc/arm-none-eabi/13.3.1/../../../../arm-none-eabi/lib/thumb/v7e-m+fp/hard\libc_nano.a(libc_a-stdio.o)
                0x0800d9b4                __sread
 .text.__swrite
                0x0800d9d6       0x38 C:/ST/STM32CubeIDE_1.16.1/STM32CubeIDE/plugins/com.st.stm32cube.ide.mcu.externaltools.gnu-tools-for-stm32.13.3.rel1.win32_1.0.0.202411081344/tools/bin/../lib/gcc/arm-none-eabi/13.3.1/../../../../arm-none-eabi/lib/thumb/v7e-m+fp/hard\libc_nano.a(libc_a-stdio.o)
                0x0800d9d6                __swrite
 .text.__sseek  0x0800da0e       0x24 C:/ST/STM32CubeIDE_1.16.1/STM32CubeIDE/plugins/com.st.stm32cube.ide.mcu.externaltools.gnu-tools-for-stm32.13.3.rel1.win32_1.0.0.202411081344/tools/bin/../lib/gcc/arm-none-eabi/13.3.1/../../../../arm-none-eabi/lib/thumb/v7e-m+fp/hard\libc_nano.a(libc_a-stdio.o)
                0x0800da0e                __sseek
 .text.__sclose
                0x0800da32        0x8 C:/ST/STM32CubeIDE_1.16.1/STM32CubeIDE/plugins/com.st.stm32cube.ide.mcu.externaltools.gnu-tools-for-stm32.13.3.rel1.win32_1.0.0.202411081344/tools/bin/../lib/gcc/arm-none-eabi/13.3.1/../../../../arm-none-eabi/lib/thumb/v7e-m+fp/hard\libc_nano.a(libc_a-stdio.o)
                0x0800da32                __sclose
 .text.__swbuf_r
                0x0800da3a       0x7c C:/ST/STM32CubeIDE_1.16.1/STM32CubeIDE/plugins/com.st.stm32cube.ide.mcu.externaltools.gnu-tools-for-stm32.13.3.rel1.win32_1.0.0.202411081344/tools/bin/../lib/gcc/arm-none-eabi/13.3.1/../../../../arm-none-eabi/lib/thumb/v7e-m+fp/hard\libc_nano.a(libc_a-wbuf.o)
                0x0800da3a                __swbuf_r
 *fill*         0x0800dab6        0x2 
 .text.__swsetup_r
                0x0800dab8       0xac C:/ST/STM32CubeIDE_1.16.1/STM32CubeIDE/plugins/com.st.stm32cube.ide.mcu.externaltools.gnu-tools-for-stm32.13.3.rel1.win32_1.0.0.202411081344/tools/bin/../lib/gcc/arm-none-eabi/13.3.1/../../../../arm-none-eabi/lib/thumb/v7e-m+fp/hard\libc_nano.a(libc_a-wsetup.o)
                0x0800dab8                __swsetup_r
 .text.memset   0x0800db64       0x10 C:/ST/STM32CubeIDE_1.16.1/STM32CubeIDE/plugins/com.st.stm32cube.ide.mcu.externaltools.gnu-tools-for-stm32.13.3.rel1.win32_1.0.0.202411081344/tools/bin/../lib/gcc/arm-none-eabi/13.3.1/../../../../arm-none-eabi/lib/thumb/v7e-m+fp/hard\libc_nano.a(libc_a-memset.o)
                0x0800db64                memset
 .text.strcat   0x0800db74       0x1e C:/ST/STM32CubeIDE_1.16.1/STM32CubeIDE/plugins/com.st.stm32cube.ide.mcu.externaltools.gnu-tools-for-stm32.13.3.rel1.win32_1.0.0.202411081344/tools/bin/../lib/gcc/arm-none-eabi/13.3.1/../../../../arm-none-eabi/lib/thumb/v7e-m+fp/hard\libc_nano.a(libc_a-strcat.o)
                0x0800db74                strcat
 *fill*         0x0800db92        0x2 
 .text._localeconv_r
                0x0800db94        0x8 C:/ST/STM32CubeIDE_1.16.1/STM32CubeIDE/plugins/com.st.stm32cube.ide.mcu.externaltools.gnu-tools-for-stm32.13.3.rel1.win32_1.0.0.202411081344/tools/bin/../lib/gcc/arm-none-eabi/13.3.1/../../../../arm-none-eabi/lib/thumb/v7e-m+fp/hard\libc_nano.a(libc_a-localeconv.o)
                0x0800db94                _localeconv_r
 .text._close_r
                0x0800db9c       0x20 C:/ST/STM32CubeIDE_1.16.1/STM32CubeIDE/plugins/com.st.stm32cube.ide.mcu.externaltools.gnu-tools-for-stm32.13.3.rel1.win32_1.0.0.202411081344/tools/bin/../lib/gcc/arm-none-eabi/13.3.1/../../../../arm-none-eabi/lib/thumb/v7e-m+fp/hard\libc_nano.a(libc_a-closer.o)
                0x0800db9c                _close_r
 .text._lseek_r
                0x0800dbbc       0x24 C:/ST/STM32CubeIDE_1.16.1/STM32CubeIDE/plugins/com.st.stm32cube.ide.mcu.externaltools.gnu-tools-for-stm32.13.3.rel1.win32_1.0.0.202411081344/tools/bin/../lib/gcc/arm-none-eabi/13.3.1/../../../../arm-none-eabi/lib/thumb/v7e-m+fp/hard\libc_nano.a(libc_a-lseekr.o)
                0x0800dbbc                _lseek_r
 .text._read_r  0x0800dbe0       0x24 C:/ST/STM32CubeIDE_1.16.1/STM32CubeIDE/plugins/com.st.stm32cube.ide.mcu.externaltools.gnu-tools-for-stm32.13.3.rel1.win32_1.0.0.202411081344/tools/bin/../lib/gcc/arm-none-eabi/13.3.1/../../../../arm-none-eabi/lib/thumb/v7e-m+fp/hard\libc_nano.a(libc_a-readr.o)
                0x0800dbe0                _read_r
 .text._write_r
                0x0800dc04       0x24 C:/ST/STM32CubeIDE_1.16.1/STM32CubeIDE/plugins/com.st.stm32cube.ide.mcu.externaltools.gnu-tools-for-stm32.13.3.rel1.win32_1.0.0.202411081344/tools/bin/../lib/gcc/arm-none-eabi/13.3.1/../../../../arm-none-eabi/lib/thumb/v7e-m+fp/hard\libc_nano.a(libc_a-writer.o)
                0x0800dc04                _write_r
 .text.__errno  0x0800dc28        0xc C:/ST/STM32CubeIDE_1.16.1/STM32CubeIDE/plugins/com.st.stm32cube.ide.mcu.externaltools.gnu-tools-for-stm32.13.3.rel1.win32_1.0.0.202411081344/tools/bin/../lib/gcc/arm-none-eabi/13.3.1/../../../../arm-none-eabi/lib/thumb/v7e-m+fp/hard\libc_nano.a(libc_a-errno.o)
                0x0800dc28                __errno
 .text.__libc_init_array
                0x0800dc34       0x48 C:/ST/STM32CubeIDE_1.16.1/STM32CubeIDE/plugins/com.st.stm32cube.ide.mcu.externaltools.gnu-tools-for-stm32.13.3.rel1.win32_1.0.0.202411081344/tools/bin/../lib/gcc/arm-none-eabi/13.3.1/../../../../arm-none-eabi/lib/thumb/v7e-m+fp/hard\libc_nano.a(libc_a-init.o)
                0x0800dc34                __libc_init_array
 .text.__retarget_lock_init_recursive
                0x0800dc7c        0x2 C:/ST/STM32CubeIDE_1.16.1/STM32CubeIDE/plugins/com.st.stm32cube.ide.mcu.externaltools.gnu-tools-for-stm32.13.3.rel1.win32_1.0.0.202411081344/tools/bin/../lib/gcc/arm-none-eabi/13.3.1/../../../../arm-none-eabi/lib/thumb/v7e-m+fp/hard\libc_nano.a(libc_a-lock.o)
                0x0800dc7c                __retarget_lock_init_recursive
 .text.__retarget_lock_acquire_recursive
                0x0800dc7e        0x2 C:/ST/STM32CubeIDE_1.16.1/STM32CubeIDE/plugins/com.st.stm32cube.ide.mcu.externaltools.gnu-tools-for-stm32.13.3.rel1.win32_1.0.0.202411081344/tools/bin/../lib/gcc/arm-none-eabi/13.3.1/../../../../arm-none-eabi/lib/thumb/v7e-m+fp/hard\libc_nano.a(libc_a-lock.o)
                0x0800dc7e                __retarget_lock_acquire_recursive
 .text.__retarget_lock_release_recursive
                0x0800dc80        0x2 C:/ST/STM32CubeIDE_1.16.1/STM32CubeIDE/plugins/com.st.stm32cube.ide.mcu.externaltools.gnu-tools-for-stm32.13.3.rel1.win32_1.0.0.202411081344/tools/bin/../lib/gcc/arm-none-eabi/13.3.1/../../../../arm-none-eabi/lib/thumb/v7e-m+fp/hard\libc_nano.a(libc_a-lock.o)
                0x0800dc80                __retarget_lock_release_recursive
 .text.strcpy   0x0800dc82       0x10 C:/ST/STM32CubeIDE_1.16.1/STM32CubeIDE/plugins/com.st.stm32cube.ide.mcu.externaltools.gnu-tools-for-stm32.13.3.rel1.win32_1.0.0.202411081344/tools/bin/../lib/gcc/arm-none-eabi/13.3.1/../../../../arm-none-eabi/lib/thumb/v7e-m+fp/hard\libc_nano.a(libc_a-strcpy.o)
                0x0800dc82                strcpy
 .text.memcpy   0x0800dc92       0x1c C:/ST/STM32CubeIDE_1.16.1/STM32CubeIDE/plugins/com.st.stm32cube.ide.mcu.externaltools.gnu-tools-for-stm32.13.3.rel1.win32_1.0.0.202411081344/tools/bin/../lib/gcc/arm-none-eabi/13.3.1/../../../../arm-none-eabi/lib/thumb/v7e-m+fp/hard\libc_nano.a(libc_a-memcpy-stub.o)
                0x0800dc92                memcpy
 .text.quorem   0x0800dcae      0x110 C:/ST/STM32CubeIDE_1.16.1/STM32CubeIDE/plugins/com.st.stm32cube.ide.mcu.externaltools.gnu-tools-for-stm32.13.3.rel1.win32_1.0.0.202411081344/tools/bin/../lib/gcc/arm-none-eabi/13.3.1/../../../../arm-none-eabi/lib/thumb/v7e-m+fp/hard\libc_nano.a(libc_a-dtoa.o)
 *fill*         0x0800ddbe        0x2 
 .text._dtoa_r  0x0800ddc0      0xba0 C:/ST/STM32CubeIDE_1.16.1/STM32CubeIDE/plugins/com.st.stm32cube.ide.mcu.externaltools.gnu-tools-for-stm32.13.3.rel1.win32_1.0.0.202411081344/tools/bin/../lib/gcc/arm-none-eabi/13.3.1/../../../../arm-none-eabi/lib/thumb/v7e-m+fp/hard\libc_nano.a(libc_a-dtoa.o)
                0x0800ddc0                _dtoa_r
 .text._free_r  0x0800e960       0x94 C:/ST/STM32CubeIDE_1.16.1/STM32CubeIDE/plugins/com.st.stm32cube.ide.mcu.externaltools.gnu-tools-for-stm32.13.3.rel1.win32_1.0.0.202411081344/tools/bin/../lib/gcc/arm-none-eabi/13.3.1/../../../../arm-none-eabi/lib/thumb/v7e-m+fp/hard\libc_nano.a(libc_a-freer.o)
                0x0800e960                _free_r
 .text.malloc   0x0800e9f4       0x10 C:/ST/STM32CubeIDE_1.16.1/STM32CubeIDE/plugins/com.st.stm32cube.ide.mcu.externaltools.gnu-tools-for-stm32.13.3.rel1.win32_1.0.0.202411081344/tools/bin/../lib/gcc/arm-none-eabi/13.3.1/../../../../arm-none-eabi/lib/thumb/v7e-m+fp/hard\libc_nano.a(libc_a-malloc.o)
                0x0800e9f4                malloc
 .text.sbrk_aligned
                0x0800ea04       0x44 C:/ST/STM32CubeIDE_1.16.1/STM32CubeIDE/plugins/com.st.stm32cube.ide.mcu.externaltools.gnu-tools-for-stm32.13.3.rel1.win32_1.0.0.202411081344/tools/bin/../lib/gcc/arm-none-eabi/13.3.1/../../../../arm-none-eabi/lib/thumb/v7e-m+fp/hard\libc_nano.a(libc_a-mallocr.o)
 .text._malloc_r
                0x0800ea48      0x100 C:/ST/STM32CubeIDE_1.16.1/STM32CubeIDE/plugins/com.st.stm32cube.ide.mcu.externaltools.gnu-tools-for-stm32.13.3.rel1.win32_1.0.0.202411081344/tools/bin/../lib/gcc/arm-none-eabi/13.3.1/../../../../arm-none-eabi/lib/thumb/v7e-m+fp/hard\libc_nano.a(libc_a-mallocr.o)
                0x0800ea48                _malloc_r
 .text.__malloc_lock
                0x0800eb48        0xc C:/ST/STM32CubeIDE_1.16.1/STM32CubeIDE/plugins/com.st.stm32cube.ide.mcu.externaltools.gnu-tools-for-stm32.13.3.rel1.win32_1.0.0.202411081344/tools/bin/../lib/gcc/arm-none-eabi/13.3.1/../../../../arm-none-eabi/lib/thumb/v7e-m+fp/hard\libc_nano.a(libc_a-mlock.o)
                0x0800eb48                __malloc_lock
 .text.__malloc_unlock
                0x0800eb54        0xc C:/ST/STM32CubeIDE_1.16.1/STM32CubeIDE/plugins/com.st.stm32cube.ide.mcu.externaltools.gnu-tools-for-stm32.13.3.rel1.win32_1.0.0.202411081344/tools/bin/../lib/gcc/arm-none-eabi/13.3.1/../../../../arm-none-eabi/lib/thumb/v7e-m+fp/hard\libc_nano.a(libc_a-mlock.o)
                0x0800eb54                __malloc_unlock
 .text._Balloc  0x0800eb60       0x80 C:/ST/STM32CubeIDE_1.16.1/STM32CubeIDE/plugins/com.st.stm32cube.ide.mcu.externaltools.gnu-tools-for-stm32.13.3.rel1.win32_1.0.0.202411081344/tools/bin/../lib/gcc/arm-none-eabi/13.3.1/../../../../arm-none-eabi/lib/thumb/v7e-m+fp/hard\libc_nano.a(libc_a-mprec.o)
                0x0800eb60                _Balloc
 .text._Bfree   0x0800ebe0       0x44 C:/ST/STM32CubeIDE_1.16.1/STM32CubeIDE/plugins/com.st.stm32cube.ide.mcu.externaltools.gnu-tools-for-stm32.13.3.rel1.win32_1.0.0.202411081344/tools/bin/../lib/gcc/arm-none-eabi/13.3.1/../../../../arm-none-eabi/lib/thumb/v7e-m+fp/hard\libc_nano.a(libc_a-mprec.o)
                0x0800ebe0                _Bfree
 .text.__multadd
                0x0800ec24       0x8c C:/ST/STM32CubeIDE_1.16.1/STM32CubeIDE/plugins/com.st.stm32cube.ide.mcu.externaltools.gnu-tools-for-stm32.13.3.rel1.win32_1.0.0.202411081344/tools/bin/../lib/gcc/arm-none-eabi/13.3.1/../../../../arm-none-eabi/lib/thumb/v7e-m+fp/hard\libc_nano.a(libc_a-mprec.o)
                0x0800ec24                __multadd
 .text.__hi0bits
                0x0800ecb0       0x3e C:/ST/STM32CubeIDE_1.16.1/STM32CubeIDE/plugins/com.st.stm32cube.ide.mcu.externaltools.gnu-tools-for-stm32.13.3.rel1.win32_1.0.0.202411081344/tools/bin/../lib/gcc/arm-none-eabi/13.3.1/../../../../arm-none-eabi/lib/thumb/v7e-m+fp/hard\libc_nano.a(libc_a-mprec.o)
                0x0800ecb0                __hi0bits
 .text.__lo0bits
                0x0800ecee       0x5a C:/ST/STM32CubeIDE_1.16.1/STM32CubeIDE/plugins/com.st.stm32cube.ide.mcu.externaltools.gnu-tools-for-stm32.13.3.rel1.win32_1.0.0.202411081344/tools/bin/../lib/gcc/arm-none-eabi/13.3.1/../../../../arm-none-eabi/lib/thumb/v7e-m+fp/hard\libc_nano.a(libc_a-mprec.o)
                0x0800ecee                __lo0bits
 .text.__i2b    0x0800ed48       0x2c C:/ST/STM32CubeIDE_1.16.1/STM32CubeIDE/plugins/com.st.stm32cube.ide.mcu.externaltools.gnu-tools-for-stm32.13.3.rel1.win32_1.0.0.202411081344/tools/bin/../lib/gcc/arm-none-eabi/13.3.1/../../../../arm-none-eabi/lib/thumb/v7e-m+fp/hard\libc_nano.a(libc_a-mprec.o)
                0x0800ed48                __i2b
 .text.__multiply
                0x0800ed74      0x144 C:/ST/STM32CubeIDE_1.16.1/STM32CubeIDE/plugins/com.st.stm32cube.ide.mcu.externaltools.gnu-tools-for-stm32.13.3.rel1.win32_1.0.0.202411081344/tools/bin/../lib/gcc/arm-none-eabi/13.3.1/../../../../arm-none-eabi/lib/thumb/v7e-m+fp/hard\libc_nano.a(libc_a-mprec.o)
                0x0800ed74                __multiply
 .text.__pow5mult
                0x0800eeb8       0xb4 C:/ST/STM32CubeIDE_1.16.1/STM32CubeIDE/plugins/com.st.stm32cube.ide.mcu.externaltools.gnu-tools-for-stm32.13.3.rel1.win32_1.0.0.202411081344/tools/bin/../lib/gcc/arm-none-eabi/13.3.1/../../../../arm-none-eabi/lib/thumb/v7e-m+fp/hard\libc_nano.a(libc_a-mprec.o)
                0x0800eeb8                __pow5mult
 .text.__lshift
                0x0800ef6c       0xd8 C:/ST/STM32CubeIDE_1.16.1/STM32CubeIDE/plugins/com.st.stm32cube.ide.mcu.externaltools.gnu-tools-for-stm32.13.3.rel1.win32_1.0.0.202411081344/tools/bin/../lib/gcc/arm-none-eabi/13.3.1/../../../../arm-none-eabi/lib/thumb/v7e-m+fp/hard\libc_nano.a(libc_a-mprec.o)
                0x0800ef6c                __lshift
 .text.__mcmp   0x0800f044       0x36 C:/ST/STM32CubeIDE_1.16.1/STM32CubeIDE/plugins/com.st.stm32cube.ide.mcu.externaltools.gnu-tools-for-stm32.13.3.rel1.win32_1.0.0.202411081344/tools/bin/../lib/gcc/arm-none-eabi/13.3.1/../../../../arm-none-eabi/lib/thumb/v7e-m+fp/hard\libc_nano.a(libc_a-mprec.o)
                0x0800f044                __mcmp
 *fill*         0x0800f07a        0x2 
 .text.__mdiff  0x0800f07c      0x128 C:/ST/STM32CubeIDE_1.16.1/STM32CubeIDE/plugins/com.st.stm32cube.ide.mcu.externaltools.gnu-tools-for-stm32.13.3.rel1.win32_1.0.0.202411081344/tools/bin/../lib/gcc/arm-none-eabi/13.3.1/../../../../arm-none-eabi/lib/thumb/v7e-m+fp/hard\libc_nano.a(libc_a-mprec.o)
                0x0800f07c                __mdiff
 .text.__d2b    0x0800f1a4       0xb0 C:/ST/STM32CubeIDE_1.16.1/STM32CubeIDE/plugins/com.st.stm32cube.ide.mcu.externaltools.gnu-tools-for-stm32.13.3.rel1.win32_1.0.0.202411081344/tools/bin/../lib/gcc/arm-none-eabi/13.3.1/../../../../arm-none-eabi/lib/thumb/v7e-m+fp/hard\libc_nano.a(libc_a-mprec.o)
                0x0800f1a4                __d2b
 .text.__sfputc_r
                0x0800f254       0x2e C:/ST/STM32CubeIDE_1.16.1/STM32CubeIDE/plugins/com.st.stm32cube.ide.mcu.externaltools.gnu-tools-for-stm32.13.3.rel1.win32_1.0.0.202411081344/tools/bin/../lib/gcc/arm-none-eabi/13.3.1/../../../../arm-none-eabi/lib/thumb/v7e-m+fp/hard\libc_nano.a(libc_a-nano-vfprintf.o)
 .text.__sfputs_r
                0x0800f282       0x24 C:/ST/STM32CubeIDE_1.16.1/STM32CubeIDE/plugins/com.st.stm32cube.ide.mcu.externaltools.gnu-tools-for-stm32.13.3.rel1.win32_1.0.0.202411081344/tools/bin/../lib/gcc/arm-none-eabi/13.3.1/../../../../arm-none-eabi/lib/thumb/v7e-m+fp/hard\libc_nano.a(libc_a-nano-vfprintf.o)
                0x0800f282                __sfputs_r
 *fill*         0x0800f2a6        0x2 
 .text._vfprintf_r
                0x0800f2a8      0x230 C:/ST/STM32CubeIDE_1.16.1/STM32CubeIDE/plugins/com.st.stm32cube.ide.mcu.externaltools.gnu-tools-for-stm32.13.3.rel1.win32_1.0.0.202411081344/tools/bin/../lib/gcc/arm-none-eabi/13.3.1/../../../../arm-none-eabi/lib/thumb/v7e-m+fp/hard\libc_nano.a(libc_a-nano-vfprintf.o)
                0x0800f2a8                _vfprintf_r
                0x0800f2a8                _vfiprintf_r
 .text.__sflush_r
                0x0800f4d8      0x108 C:/ST/STM32CubeIDE_1.16.1/STM32CubeIDE/plugins/com.st.stm32cube.ide.mcu.externaltools.gnu-tools-for-stm32.13.3.rel1.win32_1.0.0.202411081344/tools/bin/../lib/gcc/arm-none-eabi/13.3.1/../../../../arm-none-eabi/lib/thumb/v7e-m+fp/hard\libc_nano.a(libc_a-fflush.o)
                0x0800f4d8                __sflush_r
 .text._fflush_r
                0x0800f5e0       0x50 C:/ST/STM32CubeIDE_1.16.1/STM32CubeIDE/plugins/com.st.stm32cube.ide.mcu.externaltools.gnu-tools-for-stm32.13.3.rel1.win32_1.0.0.202411081344/tools/bin/../lib/gcc/arm-none-eabi/13.3.1/../../../../arm-none-eabi/lib/thumb/v7e-m+fp/hard\libc_nano.a(libc_a-fflush.o)
                0x0800f5e0                _fflush_r
 .text.__swhatbuf_r
                0x0800f630       0x4c C:/ST/STM32CubeIDE_1.16.1/STM32CubeIDE/plugins/com.st.stm32cube.ide.mcu.externaltools.gnu-tools-for-stm32.13.3.rel1.win32_1.0.0.202411081344/tools/bin/../lib/gcc/arm-none-eabi/13.3.1/../../../../arm-none-eabi/lib/thumb/v7e-m+fp/hard\libc_nano.a(libc_a-makebuf.o)
                0x0800f630                __swhatbuf_r
 .text.__smakebuf_r
                0x0800f67c       0x78 C:/ST/STM32CubeIDE_1.16.1/STM32CubeIDE/plugins/com.st.stm32cube.ide.mcu.externaltools.gnu-tools-for-stm32.13.3.rel1.win32_1.0.0.202411081344/tools/bin/../lib/gcc/arm-none-eabi/13.3.1/../../../../arm-none-eabi/lib/thumb/v7e-m+fp/hard\libc_nano.a(libc_a-makebuf.o)
                0x0800f67c                __smakebuf_r
 .text._fstat_r
                0x0800f6f4       0x24 C:/ST/STM32CubeIDE_1.16.1/STM32CubeIDE/plugins/com.st.stm32cube.ide.mcu.externaltools.gnu-tools-for-stm32.13.3.rel1.win32_1.0.0.202411081344/tools/bin/../lib/gcc/arm-none-eabi/13.3.1/../../../../arm-none-eabi/lib/thumb/v7e-m+fp/hard\libc_nano.a(libc_a-fstatr.o)
                0x0800f6f4                _fstat_r
 .text._isatty_r
                0x0800f718       0x20 C:/ST/STM32CubeIDE_1.16.1/STM32CubeIDE/plugins/com.st.stm32cube.ide.mcu.externaltools.gnu-tools-for-stm32.13.3.rel1.win32_1.0.0.202411081344/tools/bin/../lib/gcc/arm-none-eabi/13.3.1/../../../../arm-none-eabi/lib/thumb/v7e-m+fp/hard\libc_nano.a(libc_a-isattyr.o)
                0x0800f718                _isatty_r
 .text._sbrk_r  0x0800f738       0x20 C:/ST/STM32CubeIDE_1.16.1/STM32CubeIDE/plugins/com.st.stm32cube.ide.mcu.externaltools.gnu-tools-for-stm32.13.3.rel1.win32_1.0.0.202411081344/tools/bin/../lib/gcc/arm-none-eabi/13.3.1/../../../../arm-none-eabi/lib/thumb/v7e-m+fp/hard\libc_nano.a(libc_a-sbrkr.o)
                0x0800f738                _sbrk_r
 .text.__assert_func
                0x0800f758       0x3c C:/ST/STM32CubeIDE_1.16.1/STM32CubeIDE/plugins/com.st.stm32cube.ide.mcu.externaltools.gnu-tools-for-stm32.13.3.rel1.win32_1.0.0.202411081344/tools/bin/../lib/gcc/arm-none-eabi/13.3.1/../../../../arm-none-eabi/lib/thumb/v7e-m+fp/hard\libc_nano.a(libc_a-assert.o)
                0x0800f758                __assert_func
 .text._calloc_r
                0x0800f794       0x28 C:/ST/STM32CubeIDE_1.16.1/STM32CubeIDE/plugins/com.st.stm32cube.ide.mcu.externaltools.gnu-tools-for-stm32.13.3.rel1.win32_1.0.0.202411081344/tools/bin/../lib/gcc/arm-none-eabi/13.3.1/../../../../arm-none-eabi/lib/thumb/v7e-m+fp/hard\libc_nano.a(libc_a-callocr.o)
                0x0800f794                _calloc_r
 .text.__ascii_mbtowc
                0x0800f7bc       0x24 C:/ST/STM32CubeIDE_1.16.1/STM32CubeIDE/plugins/com.st.stm32cube.ide.mcu.externaltools.gnu-tools-for-stm32.13.3.rel1.win32_1.0.0.202411081344/tools/bin/../lib/gcc/arm-none-eabi/13.3.1/../../../../arm-none-eabi/lib/thumb/v7e-m+fp/hard\libc_nano.a(libc_a-mbtowc_r.o)
                0x0800f7bc                __ascii_mbtowc
 .text.__ascii_wctomb
                0x0800f7e0       0x1a C:/ST/STM32CubeIDE_1.16.1/STM32CubeIDE/plugins/com.st.stm32cube.ide.mcu.externaltools.gnu-tools-for-stm32.13.3.rel1.win32_1.0.0.202411081344/tools/bin/../lib/gcc/arm-none-eabi/13.3.1/../../../../arm-none-eabi/lib/thumb/v7e-m+fp/hard\libc_nano.a(libc_a-wctomb_r.o)
                0x0800f7e0                __ascii_wctomb
 *fill*         0x0800f7fa        0x2 
 .text.fprintf  0x0800f7fc       0x24 C:/ST/STM32CubeIDE_1.16.1/STM32CubeIDE/plugins/com.st.stm32cube.ide.mcu.externaltools.gnu-tools-for-stm32.13.3.rel1.win32_1.0.0.202411081344/tools/bin/../lib/gcc/arm-none-eabi/13.3.1/../../../../arm-none-eabi/lib/thumb/v7e-m+fp/hard\libc_nano.a(libc_a-fprintf.o)
                0x0800f7fc                fiprintf
                0x0800f7fc                fprintf
 .text.abort    0x0800f820        0xe C:/ST/STM32CubeIDE_1.16.1/STM32CubeIDE/plugins/com.st.stm32cube.ide.mcu.externaltools.gnu-tools-for-stm32.13.3.rel1.win32_1.0.0.202411081344/tools/bin/../lib/gcc/arm-none-eabi/13.3.1/../../../../arm-none-eabi/lib/thumb/v7e-m+fp/hard\libc_nano.a(libc_a-abort.o)
                0x0800f820                abort
 .text._raise_r
                0x0800f82e       0x50 C:/ST/STM32CubeIDE_1.16.1/STM32CubeIDE/plugins/com.st.stm32cube.ide.mcu.externaltools.gnu-tools-for-stm32.13.3.rel1.win32_1.0.0.202411081344/tools/bin/../lib/gcc/arm-none-eabi/13.3.1/../../../../arm-none-eabi/lib/thumb/v7e-m+fp/hard\libc_nano.a(libc_a-signal.o)
                0x0800f82e                _raise_r
 *fill*         0x0800f87e        0x2 
 .text.raise    0x0800f880       0x10 C:/ST/STM32CubeIDE_1.16.1/STM32CubeIDE/plugins/com.st.stm32cube.ide.mcu.externaltools.gnu-tools-for-stm32.13.3.rel1.win32_1.0.0.202411081344/tools/bin/../lib/gcc/arm-none-eabi/13.3.1/../../../../arm-none-eabi/lib/thumb/v7e-m+fp/hard\libc_nano.a(libc_a-signal.o)
                0x0800f880                raise
 .text._kill_r  0x0800f890       0x24 C:/ST/STM32CubeIDE_1.16.1/STM32CubeIDE/plugins/com.st.stm32cube.ide.mcu.externaltools.gnu-tools-for-stm32.13.3.rel1.win32_1.0.0.202411081344/tools/bin/../lib/gcc/arm-none-eabi/13.3.1/../../../../arm-none-eabi/lib/thumb/v7e-m+fp/hard\libc_nano.a(libc_a-signalr.o)
                0x0800f890                _kill_r
 .text._getpid_r
                0x0800f8b4        0x4 C:/ST/STM32CubeIDE_1.16.1/STM32CubeIDE/plugins/com.st.stm32cube.ide.mcu.externaltools.gnu-tools-for-stm32.13.3.rel1.win32_1.0.0.202411081344/tools/bin/../lib/gcc/arm-none-eabi/13.3.1/../../../../arm-none-eabi/lib/thumb/v7e-m+fp/hard\libc_nano.a(libc_a-signalr.o)
                0x0800f8b4                _getpid_r
 *(.glue_7)
 .glue_7        0x0800f8b8        0x0 linker stubs
 *(.glue_7t)
 .glue_7t       0x0800f8b8        0x0 linker stubs
 *(.eh_frame)
 .eh_frame      0x0800f8b8        0x0 C:/ST/STM32CubeIDE_1.16.1/STM32CubeIDE/plugins/com.st.stm32cube.ide.mcu.externaltools.gnu-tools-for-stm32.13.3.rel1.win32_1.0.0.202411081344/tools/bin/../lib/gcc/arm-none-eabi/13.3.1/thumb/v7e-m+fp/hard/crtbegin.o
 *(.init)
 .init          0x0800f8b8        0x4 C:/ST/STM32CubeIDE_1.16.1/STM32CubeIDE/plugins/com.st.stm32cube.ide.mcu.externaltools.gnu-tools-for-stm32.13.3.rel1.win32_1.0.0.202411081344/tools/bin/../lib/gcc/arm-none-eabi/13.3.1/thumb/v7e-m+fp/hard/crti.o
                0x0800f8b8                _init
 .init          0x0800f8bc        0x8 C:/ST/STM32CubeIDE_1.16.1/STM32CubeIDE/plugins/com.st.stm32cube.ide.mcu.externaltools.gnu-tools-for-stm32.13.3.rel1.win32_1.0.0.202411081344/tools/bin/../lib/gcc/arm-none-eabi/13.3.1/thumb/v7e-m+fp/hard/crtn.o
 *(.fini)
 .fini          0x0800f8c4        0x4 C:/ST/STM32CubeIDE_1.16.1/STM32CubeIDE/plugins/com.st.stm32cube.ide.mcu.externaltools.gnu-tools-for-stm32.13.3.rel1.win32_1.0.0.202411081344/tools/bin/../lib/gcc/arm-none-eabi/13.3.1/thumb/v7e-m+fp/hard/crti.o
                0x0800f8c4                _fini
 .fini          0x0800f8c8        0x8 C:/ST/STM32CubeIDE_1.16.1/STM32CubeIDE/plugins/com.st.stm32cube.ide.mcu.externaltools.gnu-tools-for-stm32.13.3.rel1.win32_1.0.0.202411081344/tools/bin/../lib/gcc/arm-none-eabi/13.3.1/thumb/v7e-m+fp/hard/crtn.o
                0x0800f8d0                        . = ALIGN (0x4)
                0x0800f8d0                        _etext = .

.vfp11_veneer   0x0800f8d0        0x0
 .vfp11_veneer  0x0800f8d0        0x0 linker stubs

.v4_bx          0x0800f8d0        0x0
 .v4_bx         0x0800f8d0        0x0 linker stubs

.iplt           0x0800f8d0        0x0
 .iplt          0x0800f8d0        0x0 C:/ST/STM32CubeIDE_1.16.1/STM32CubeIDE/plugins/com.st.stm32cube.ide.mcu.externaltools.gnu-tools-for-stm32.13.3.rel1.win32_1.0.0.202411081344/tools/bin/../lib/gcc/arm-none-eabi/13.3.1/thumb/v7e-m+fp/hard/crtbegin.o

.rodata         0x0800f8d0      0xb54
                0x0800f8d0                        . = ALIGN (0x4)
 *(.rodata)
 .rodata        0x0800f8d0      0x121 ./Core/Src/display.o
 *fill*         0x0800f9f1        0x3 
 .rodata        0x0800f9f4      0x13f ./Core/Src/main.o
 *fill*         0x0800fb33        0x1 
 .rodata        0x0800fb34        0x6 ./Core/Src/rfid.o
 *(.rodata*)
 *fill*         0x0800fb3a        0x2 
 .rodata.font   0x0800fb3c      0x500 ./Core/Src/display.o
 .rodata.AHBPrescTable
                0x0801003c       0x10 ./Core/Src/system_stm32l4xx.o
                0x0801003c                AHBPrescTable
 .rodata.APBPrescTable
                0x0801004c        0x8 ./Core/Src/system_stm32l4xx.o
                0x0801004c                APBPrescTable
 .rodata.MSIRangeTable
                0x08010054       0x30 ./Core/Src/system_stm32l4xx.o
                0x08010054                MSIRangeTable
 .rodata.UARTPrescTable
                0x08010084       0x18 ./Drivers/STM32L4xx_HAL_Driver/Src/stm32l4xx_hal_uart.o
                0x08010084                UARTPrescTable
 .rodata.numerator.1
                0x0801009c        0x8 ./Drivers/STM32L4xx_HAL_Driver/Src/stm32l4xx_hal_uart_ex.o
 .rodata.denominator.0
                0x080100a4        0x8 ./Drivers/STM32L4xx_HAL_Driver/Src/stm32l4xx_hal_uart_ex.o
 .rodata._printf_float.str1.1
                0x080100ac      0x171 C:/ST/STM32CubeIDE_1.16.1/STM32CubeIDE/plugins/com.st.stm32cube.ide.mcu.externaltools.gnu-tools-for-stm32.13.3.rel1.win32_1.0.0.202411081344/tools/bin/../lib/gcc/arm-none-eabi/13.3.1/../../../../arm-none-eabi/lib/thumb/v7e-m+fp/hard\libc_nano.a(libc_a-nano-vfprintf_float.o)
                                 0x12 (size before relaxing)
 .rodata._printf_i.str1.1
                0x0801021d       0x22 C:/ST/STM32CubeIDE_1.16.1/STM32CubeIDE/plugins/com.st.stm32cube.ide.mcu.externaltools.gnu-tools-for-stm32.13.3.rel1.win32_1.0.0.202411081344/tools/bin/../lib/gcc/arm-none-eabi/13.3.1/../../../../arm-none-eabi/lib/thumb/v7e-m+fp/hard\libc_nano.a(libc_a-nano-vfprintf_i.o)
 .rodata._dtoa_r.str1.1
                0x0801021d       0x8f C:/ST/STM32CubeIDE_1.16.1/STM32CubeIDE/plugins/com.st.stm32cube.ide.mcu.externaltools.gnu-tools-for-stm32.13.3.rel1.win32_1.0.0.202411081344/tools/bin/../lib/gcc/arm-none-eabi/13.3.1/../../../../arm-none-eabi/lib/thumb/v7e-m+fp/hard\libc_nano.a(libc_a-dtoa.o)
 .rodata._Balloc.str1.1
                0x0801021d       0x70 C:/ST/STM32CubeIDE_1.16.1/STM32CubeIDE/plugins/com.st.stm32cube.ide.mcu.externaltools.gnu-tools-for-stm32.13.3.rel1.win32_1.0.0.202411081344/tools/bin/../lib/gcc/arm-none-eabi/13.3.1/../../../../arm-none-eabi/lib/thumb/v7e-m+fp/hard\libc_nano.a(libc_a-mprec.o)
 .rodata.__multadd.str1.1
                0x0801021d       0x11 C:/ST/STM32CubeIDE_1.16.1/STM32CubeIDE/plugins/com.st.stm32cube.ide.mcu.externaltools.gnu-tools-for-stm32.13.3.rel1.win32_1.0.0.202411081344/tools/bin/../lib/gcc/arm-none-eabi/13.3.1/../../../../arm-none-eabi/lib/thumb/v7e-m+fp/hard\libc_nano.a(libc_a-mprec.o)
 *fill*         0x0801021d        0x3 
 .rodata.p05.0  0x08010220        0xc C:/ST/STM32CubeIDE_1.16.1/STM32CubeIDE/plugins/com.st.stm32cube.ide.mcu.externaltools.gnu-tools-for-stm32.13.3.rel1.win32_1.0.0.202411081344/tools/bin/../lib/gcc/arm-none-eabi/13.3.1/../../../../arm-none-eabi/lib/thumb/v7e-m+fp/hard\libc_nano.a(libc_a-mprec.o)
 *fill*         0x0801022c        0x4 
 .rodata.__mprec_bigtens
                0x08010230       0x28 C:/ST/STM32CubeIDE_1.16.1/STM32CubeIDE/plugins/com.st.stm32cube.ide.mcu.externaltools.gnu-tools-for-stm32.13.3.rel1.win32_1.0.0.202411081344/tools/bin/../lib/gcc/arm-none-eabi/13.3.1/../../../../arm-none-eabi/lib/thumb/v7e-m+fp/hard\libc_nano.a(libc_a-mprec.o)
                0x08010230                __mprec_bigtens
 .rodata.__mprec_tens
                0x08010258       0xc8 C:/ST/STM32CubeIDE_1.16.1/STM32CubeIDE/plugins/com.st.stm32cube.ide.mcu.externaltools.gnu-tools-for-stm32.13.3.rel1.win32_1.0.0.202411081344/tools/bin/../lib/gcc/arm-none-eabi/13.3.1/../../../../arm-none-eabi/lib/thumb/v7e-m+fp/hard\libc_nano.a(libc_a-mprec.o)
                0x08010258                __mprec_tens
 .rodata._vfprintf_r.str1.1
                0x08010320       0x11 C:/ST/STM32CubeIDE_1.16.1/STM32CubeIDE/plugins/com.st.stm32cube.ide.mcu.externaltools.gnu-tools-for-stm32.13.3.rel1.win32_1.0.0.202411081344/tools/bin/../lib/gcc/arm-none-eabi/13.3.1/../../../../arm-none-eabi/lib/thumb/v7e-m+fp/hard\libc_nano.a(libc_a-nano-vfprintf.o)
 .rodata._setlocale_r.str1.1
                0x08010320        0x9 C:/ST/STM32CubeIDE_1.16.1/STM32CubeIDE/plugins/com.st.stm32cube.ide.mcu.externaltools.gnu-tools-for-stm32.13.3.rel1.win32_1.0.0.202411081344/tools/bin/../lib/gcc/arm-none-eabi/13.3.1/../../../../arm-none-eabi/lib/thumb/v7e-m+fp/hard\libc_nano.a(libc_a-locale.o)
 .rodata.str1.1
                0x08010320        0x2 C:/ST/STM32CubeIDE_1.16.1/STM32CubeIDE/plugins/com.st.stm32cube.ide.mcu.externaltools.gnu-tools-for-stm32.13.3.rel1.win32_1.0.0.202411081344/tools/bin/../lib/gcc/arm-none-eabi/13.3.1/../../../../arm-none-eabi/lib/thumb/v7e-m+fp/hard\libc_nano.a(libc_a-locale.o)
 .rodata.__assert_func.str1.1
                0x08010320       0x3d C:/ST/STM32CubeIDE_1.16.1/STM32CubeIDE/plugins/com.st.stm32cube.ide.mcu.externaltools.gnu-tools-for-stm32.13.3.rel1.win32_1.0.0.202411081344/tools/bin/../lib/gcc/arm-none-eabi/13.3.1/../../../../arm-none-eabi/lib/thumb/v7e-m+fp/hard\libc_nano.a(libc_a-assert.o)
 .rodata._ctype_
                0x08010320      0x101 C:/ST/STM32CubeIDE_1.16.1/STM32CubeIDE/plugins/com.st.stm32cube.ide.mcu.externaltools.gnu-tools-for-stm32.13.3.rel1.win32_1.0.0.202411081344/tools/bin/../lib/gcc/arm-none-eabi/13.3.1/../../../../arm-none-eabi/lib/thumb/v7e-m+fp/hard\libc_nano.a(libc_a-ctype_.o)
                0x08010320                _ctype_
                0x08010424                        . = ALIGN (0x4)
 *fill*         0x08010421        0x3 

.ARM.extab      0x08010424        0x0
                0x08010424                        . = ALIGN (0x4)
 *(.ARM.extab* .gnu.linkonce.armextab.*)
                0x08010424                        . = ALIGN (0x4)

.ARM            0x08010424        0x8
                0x08010424                        . = ALIGN (0x4)
                0x08010424                        __exidx_start = .
 *(.ARM.exidx*)
 .ARM.exidx     0x08010424        0x8 C:/ST/STM32CubeIDE_1.16.1/STM32CubeIDE/plugins/com.st.stm32cube.ide.mcu.externaltools.gnu-tools-for-stm32.13.3.rel1.win32_1.0.0.202411081344/tools/bin/../lib/gcc/arm-none-eabi/13.3.1/../../../../arm-none-eabi/lib/thumb/v7e-m+fp/hard\libc_nano.a(libc_a-memchr.o)
 .ARM.exidx     0x0801042c        0x0 C:/ST/STM32CubeIDE_1.16.1/STM32CubeIDE/plugins/com.st.stm32cube.ide.mcu.externaltools.gnu-tools-for-stm32.13.3.rel1.win32_1.0.0.202411081344/tools/bin/../lib/gcc/arm-none-eabi/13.3.1/../../../../arm-none-eabi/lib/thumb/v7e-m+fp/hard\libc_nano.a(libc_a-strlen.o)
                                  0x8 (size before relaxing)
 .ARM.exidx     0x0801042c        0x0 C:/ST/STM32CubeIDE_1.16.1/STM32CubeIDE/plugins/com.st.stm32cube.ide.mcu.externaltools.gnu-tools-for-stm32.13.3.rel1.win32_1.0.0.202411081344/tools/bin/../lib/gcc/arm-none-eabi/13.3.1/thumb/v7e-m+fp/hard\libgcc.a(_udivmoddi4.o)
                                  0x8 (size before relaxing)
                0x0801042c                        __exidx_end = .
                0x0801042c                        . = ALIGN (0x4)

.preinit_array  0x0801042c        0x0
                0x0801042c                        . = ALIGN (0x4)
                0x0801042c                        PROVIDE (__preinit_array_start = .)
 *(.preinit_array*)
                0x0801042c                        PROVIDE (__preinit_array_end = .)
                0x0801042c                        . = ALIGN (0x4)

.init_array     0x0801042c        0x4
                0x0801042c                        . = ALIGN (0x4)
                0x0801042c                        PROVIDE (__init_array_start = .)
 *(SORT_BY_NAME(.init_array.*))
 *(.init_array*)
 .init_array    0x0801042c        0x4 C:/ST/STM32CubeIDE_1.16.1/STM32CubeIDE/plugins/com.st.stm32cube.ide.mcu.externaltools.gnu-tools-for-stm32.13.3.rel1.win32_1.0.0.202411081344/tools/bin/../lib/gcc/arm-none-eabi/13.3.1/thumb/v7e-m+fp/hard/crtbegin.o
                0x08010430                        PROVIDE (__init_array_end = .)
                0x08010430                        . = ALIGN (0x4)

.fini_array     0x08010430        0x4
                0x08010430                        . = ALIGN (0x4)
                [!provide]                        PROVIDE (__fini_array_start = .)
 *(SORT_BY_NAME(.fini_array.*))
 *(.fini_array*)
 .fini_array    0x08010430        0x4 C:/ST/STM32CubeIDE_1.16.1/STM32CubeIDE/plugins/com.st.stm32cube.ide.mcu.externaltools.gnu-tools-for-stm32.13.3.rel1.win32_1.0.0.202411081344/tools/bin/../lib/gcc/arm-none-eabi/13.3.1/thumb/v7e-m+fp/hard/crtbegin.o
                [!provide]                        PROVIDE (__fini_array_end = .)
                0x08010434                        . = ALIGN (0x4)
                0x08010434                        _sidata = LOADADDR (.data)

.rel.dyn        0x08010434        0x0
 .rel.iplt      0x08010434        0x0 C:/ST/STM32CubeIDE_1.16.1/STM32CubeIDE/plugins/com.st.stm32cube.ide.mcu.externaltools.gnu-tools-for-stm32.13.3.rel1.win32_1.0.0.202411081344/tools/bin/../lib/gcc/arm-none-eabi/13.3.1/thumb/v7e-m+fp/hard/crtbegin.o

.data           0x20040000      0x494 load address 0x08010434
                0x20040000                        . = ALIGN (0x4)
                0x20040000                        _sdata = .
 *(.data)
 *(.data*)
 .data.Dev      0x20040000        0x4 ./Core/Src/main.o
                0x20040000                Dev
 .data.SystemCoreClock