../Core/Src/display.c:351:6:SendCommand	16	static
../Core/Src/display.c:360:6:SendParameter	16	static
../Core/Src/display.c:367:6:DisplayBegin	8	static
../Core/Src/display.c:481:6:SetAddressWindow	24	static
../Core/Src/display.c:496:6:WriteColor	16	static
../Core/Src/display.c:501:6:DrawPixel	16	static
../Core/Src/display.c:513:6:DrawHLine	56	dynamic
../Core/Src/display.c:529:6:DrawVLine	56	dynamic
../Core/Src/display.c:544:6:FillScreen	24	static
../Core/Src/display.c:551:6:FillRect	32	static
../Core/Src/display.c:560:6:DrawChar	40	static
../Core/Src/display.c:589:6:DrawText	40	static
../Core/Src/display.c:597:6:ScanText	16	static
../Core/Src/display.c:603:6:HeartTempText	80	static
../Core/Src/display.c:619:6:PillsText	80	static
../Core/Src/display.c:631:6:DoneText	80	static
../Core/Src/display.c:643:6:IdleText	160	static
../Core/Src/display.c:664:6:ResultText	160	static
../Core/Src/display.c:990:6:DrawBitmap	32	static
../Core/Src/display.c:1007:6:DrawChanseyCorner	16	static
../Core/Src/display.c:1012:6:FillScreenExceptCorner	24	static
