../Core/Src/rfid.c:5:9:RC522_SPI_Transfer	32	static
../Core/Src/rfid.c:11:6:Write_MFRC522	16	static
../Core/Src/rfid.c:25:9:Read_MFRC522	24	static
../Core/Src/rfid.c:43:6:SetBitMask	24	static
../Core/Src/rfid.c:50:6:ClearBitMask	24	static
../Core/Src/rfid.c:56:6:AntennaOn	8	static
../Core/Src/rfid.c:61:6:AntennaOff	8	static
../Core/Src/rfid.c:66:6:MFRC522_Reset	8	static
../Core/Src/rfid.c:71:6:MFRC522_Init	8	static
../Core/Src/rfid.c:92:9:MFRC522_ToCard	48	static
../Core/Src/rfid.c:177:9:MFRC522_Request	32	static
../Core/Src/rfid.c:194:9:MFRC522_Anticoll	32	static
../Core/Src/rfid.c:218:6:CalculateCRC	40	static
../Core/Src/rfid.c:241:9:MFRC522_SelectTag	48	static
../Core/Src/rfid.c:268:9:MFRC522_Auth	56	static
../Core/Src/rfid.c:294:9:MFRC522_Read	32	static
../Core/Src/rfid.c:312:9:MFRC522_Write	56	static
../Core/Src/rfid.c:347:6:MFRC522_Halt	24	static
../Core/Src/rfid.c:360:9:getSerNum	16	static
../Core/Src/rfid.c:368:9:readCard	32	static
../Core/Src/rfid.c:379:9:writeCard	32	static
